[2026-07-04 08:47:25.6961527] Console created
[2026-07-04 08:47:25.7204375] UE4SS - v3.0.1 Beta #0 - Git SHA #7f7cc36f
[2026-07-04 08:47:25.7207197] Timezone: Europe/Istanbul
[2026-07-04 08:47:25.7209827] UE4SS Build Configuration: Game__Shipping__Win64 (MSVC)
[2026-07-04 08:47:25.7243360] Setting up mods...
[2026-07-04 08:47:25.7247051] Loading mods from: C:\Users\Zeylo\Desktop\Drones of War Teknofest Yeni\DronesOfWar\Binaries\Win64\ue4ss\Mods
[2026-07-04 08:47:25.7274850] Starting mods (from mods.txt (C:\Users\Zeylo\Desktop\Drones of War Teknofest Yeni\DronesOfWar\Binaries\Win64\ue4ss\Mods\mods.txt) load order)...
[2026-07-04 08:47:25.7282514] Starting mods (from enabled.txt (C:\Users\Zeylo\Desktop\Drones of War Teknofest Yeni\DronesOfWar\Binaries\Win64\ue4ss\Mods), no defined load order)...
[2026-07-04 08:47:25.7289901] No specific game configuration found, using default configuration file
[2026-07-04 08:47:25.7291796] Config: C:\Users\Zeylo\Desktop\Drones of War Teknofest Yeni\DronesOfWar\Binaries\Win64\ue4ss\UE4SS-settings.ini

[2026-07-04 08:47:25.7292991] root directory: C:\Users\Zeylo\Desktop\Drones of War Teknofest Yeni\DronesOfWar\Binaries\Win64\ue4ss
[2026-07-04 08:47:25.7294081] working directory: C:\Users\Zeylo\Desktop\Drones of War Teknofest Yeni\DronesOfWar\Binaries\Win64\ue4ss
[2026-07-04 08:47:25.7295125] game executable directory: C:\Users\Zeylo\Desktop\Drones of War Teknofest Yeni\DronesOfWar\Binaries\Win64
[2026-07-04 08:47:25.7296702] game executable: C:\Users\Zeylo\Desktop\Drones of War Teknofest Yeni\DronesOfWar\Binaries\Win64\DronesOfWar-Win64-Shipping.exe (141618176 bytes)


[2026-07-04 08:47:25.7297998] mods directories: 
[2026-07-04 08:47:25.7299129] [0] C:\Users\Zeylo\Desktop\Drones of War Teknofest Yeni\DronesOfWar\Binaries\Win64\ue4ss\Mods
[2026-07-04 08:47:25.7300145] 
[2026-07-04 08:47:25.7301432] log directory: C:\Users\Zeylo\Desktop\Drones of War Teknofest Yeni\DronesOfWar\Binaries\Win64\ue4ss
[2026-07-04 08:47:25.7302487] object dumper directory: C:\Users\Zeylo\Desktop\Drones of War Teknofest Yeni\DronesOfWar\Binaries\Win64\ue4ss


[2026-07-04 08:47:25.7315409] DebugGame Setting Enabled? false
[2026-07-04 08:47:25.7346145] PS Scan attempt 1 (Phase 2)
[2026-07-04 08:47:25.7349682] [PS] Reading image
[2026-07-04 08:47:25.7353777] [PS] Starting scan
[2026-07-04 08:47:26.2008980] [PS] Scan finished in 465.2362ms
[2026-07-04 08:47:26.2013210] [PS] Found EngineVersion: 5.5
[2026-07-04 08:47:26.2021338] [PS] Found GUObjectArray: 0x7ff7e2486b20
[2026-07-04 08:47:26.2024333] [PS] Found GMalloc: 0x7ff7e238d330
[2026-07-04 08:47:26.2027562] [PS] Found FName::ToString: 0x7ff7db4c8770
[2026-07-04 08:47:26.2029258] [PS] Found FName::FName(wchar_t*): 0x7ff7db4b8c70
[2026-07-04 08:47:26.2030825] [PS] Found StaticConstructObject_Internal: 0x7ff7db6eba00
[2026-07-04 08:47:26.2031963] [PS] Found FUObjectHashTables::Get(): 0x7ff7db6fcb40
[2026-07-04 08:47:26.2034128] [PS] Found GNatives: 0x7ff7e2485620
[2026-07-04 08:47:26.2035681] [PS] Found ConsoleManagerSingleton: 0x7ff7db3562a0
[2026-07-04 08:47:26.2036871] [PS] Found GameEngineTick: 0x7ff7ddb02280
[2026-07-04 08:47:26.2037944] PS scan successful
[2026-07-04 08:47:26.2047940] Running second pass of Lua override scans
[2026-07-04 08:47:26.2050394] Lua Scan attempt 1 (Phase 2)
[2026-07-04 08:47:26.2053421] Using engine version: 5.5
[2026-07-04 08:47:26.2054676] Waiting for object construction...
[2026-07-04 08:47:29.0449260] Locating KismetSystemLibrary...
[2026-07-04 08:47:29.0453519] Locating KismetSystemLibrary:Conv_NameToString...
[2026-07-04 08:47:29.1118276] Locating KismetSystemLibrary CDO...
[2026-07-04 08:47:29.2099446] Already constructed: ["/Script/CoreUObject", "Class"]
[2026-07-04 08:47:29.2105717] Already constructed: ["/Script/CoreUObject"]
[2026-07-04 08:47:29.2142134] Already constructed: ["/Script/CoreUObject", "Struct"]
[2026-07-04 08:47:29.2147668] Already constructed: ["/Script/Engine", "Pawn"]
[2026-07-04 08:47:29.2154160] Already constructed: ["/Script/Engine", "Character"]
[2026-07-04 08:47:29.2158454] Already constructed: ["/Script/Engine", "Actor"]
[2026-07-04 08:47:29.2168563] Already constructed: ["/Script/CoreUObject", "Vector"]
[2026-07-04 08:47:29.2184337] Already constructed: ["/Script/Engine", "Default__DefaultPawn"]
[2026-07-04 08:47:29.2194165] Already constructed: ["/Script/Engine", "HitResult"]
[2026-07-04 08:47:29.2219112] Already constructed: ["/Script/Engine", "Default__MaterialExpression"]
[2026-07-04 08:47:29.2353461] Already constructed: ["/Script/Engine", "ActorComponent"]
[2026-07-04 08:47:29.2401964] Already constructed: ["/Script/CoreUObject", "OrientedBox"]
[2026-07-04 08:47:29.2408385] Already constructed: ["/Script/Engine", "MovementComponent"]
[2026-07-04 08:47:29.2413991] Already constructed: ["/Script/Engine", "HUD"]
[2026-07-04 08:47:29.2418895] Already constructed: ["/Script/Engine", "PlayerController"]
[2026-07-04 08:47:29.2423711] Already constructed: ["/Script/Engine", "PlayerCameraManager"]
[2026-07-04 08:47:29.2430261] Already constructed: ["/Script/CoreUObject", "EInterpCurveMode"]
[2026-07-04 08:47:29.2438589] Already constructed: ["/Script/Engine", "ENetRole"]
[2026-07-04 08:47:29.2447781] Already constructed: ["/Script/MovieScene", "MovieSceneEditorData"]
[2026-07-04 08:47:29.2452367] Already constructed: ["/Script/UMG", "Widget"]
[2026-07-04 08:47:29.2456656] Already constructed: ["/Script/UMG", "ComboBoxString"]
[2026-07-04 08:47:29.2473892] Already constructed: ["/Script/CoreUObject", "Interface"]
[2026-07-04 08:47:29.5288911] GameEngine::LoadMap address 0x7ff7de173990
[2026-07-04 08:47:29.5350111] GameEngine::Tick address (vtable: 0x7ff7ddb02280; scan: 0x7ff7ddb02280)
[2026-07-04 08:47:29.5363875] Using scan address for GameEngine::Tick
[2026-07-04 08:47:29.5384220] [UE4SS.EngineTick.GameThreadInitializer] Added prehook with Id '0X6020000000000001'!
[2026-07-04 08:47:29.5475244] GameModeBase::InitGameState address 0x7ff7ddaf2b40
[2026-07-04 08:47:29.5558595] AActor::BeginPlay address 0x7ff7dd6e5340
[2026-07-04 08:47:29.5654323] AActor::EndPlay address 0x7ff7dd6ecfc0
[2026-07-04 08:47:29.5757997] AActor::Tick address 0x7ff7dd703740
[2026-07-04 08:47:29.5763528] GameViewportClient::Tick address 0x7ff7ddb75410
[2026-07-04 08:47:29.5767543] ProcessEvent address 0x7ff7db6e3000
[2026-07-04 08:47:29.5773689] ProcessConsoleExec address 0x7ff7db52b270
[2026-07-04 08:47:29.5780879] UStruct::Link address 0x7ff7db5b8750
[2026-07-04 08:47:29.5840583] Constructed 0 of 0 objects
[2026-07-04 08:47:29.9956920] FText size detected as 0x10 bytes.
[2026-07-04 08:47:29.9968909] ProcessInternal address: 0x7ff7db6e3400
[2026-07-04 08:47:29.9975345] ProcessLocalScriptFunction address: 0x7ff7db6e3500
[2026-07-04 08:47:29.9980245] UnrealConfig.FExecVTableOffsetInLocalPlayer: 28
[2026-07-04 08:47:29.9985722] Post-initialization: GMalloc: 0x7ff7e238d330 -> 0x27f7240bc50
[2026-07-04 08:47:30.0034997] Adding GUObjectArray listeners
[2026-07-04 08:47:30.0039602] Starting callback garbage collector![2026-07-04 08:47:30.0053872] [UE4SS.StaticConstructObject.ObjectSearcherPoolHook] Added posthook with Id '0X9000000000000001'!
[2026-07-04 08:47:30.0059630] 
##### MEMBER OFFSETS START (Coalesced) #####

[2026-07-04 08:47:30.0064596] UObjectBase::NamePrivate = 0x18
[2026-07-04 08:47:30.0074289] UObjectBase::ObjectFlags = 0x8
[2026-07-04 08:47:30.0080898] UObjectBase::World = 0x78
[2026-07-04 08:47:30.0085881] UObjectBase::ActiveSplitscreenType = 0x70
[2026-07-04 08:47:30.0089410] UObjectBase::ViewportConsole = 0x40
[2026-07-04 08:47:30.0092430] UObjectBase::bUseSoftwareCursorWidgets = 0x270
[2026-07-04 08:47:30.0096095] UObjectBase::ClassPrivate = 0x10
[2026-07-04 08:47:30.0100431] UObjectBase::bNetLoadOnClient = 0x59
[2026-07-04 08:47:30.0104051] UObjectBase::InternalIndex_Private = 0xC
[2026-07-04 08:47:30.0107049] UObjectBase::bAllowTickBeforeBeginPlay = 0x5A
[2026-07-04 08:47:30.0110180] UObjectBase::InputPriority = 0x16C
[2026-07-04 08:47:30.0114425] UObjectBase::bForceNetAddressable = 0x59
[2026-07-04 08:47:30.0121791] UObjectBase::bDisableSplitScreenOverride = 0x3B8
[2026-07-04 08:47:30.0132556] UObjectBase::Window = 0x110
[2026-07-04 08:47:30.0135687] UObjectBase::OuterPrivate = 0x20
[2026-07-04 08:47:30.0138615] UObjectBase::bAlwaysRelevant = 0x58
[2026-07-04 08:47:30.0143952] UObjectBase::HardwareCursorCache = 0x180
[2026-07-04 08:47:30.0148972] UObjectBase::DebugProperties = 0x48
[2026-07-04 08:47:30.0152588] UObjectBase::bReplayRewindable = 0x59
[2026-07-04 08:47:30.0156383] UObjectBase::bHidden = 0x58
[2026-07-04 08:47:30.0161631] UObjectBase::CurrentBufferVisualizationMode = 0x140
[2026-07-04 08:47:30.0167631] UObjectBase::UEP_TotalSize = 0x28
[2026-07-04 08:47:30.0172272] UObjectBase::SplitscreenInfo = 0x58
[2026-07-04 08:47:30.0176419] UObjectBase::ViewportOverlayWidget = 0x120
[2026-07-04 08:47:30.0180879] UObjectBase::OnEndPlay = 0x1FF
[2026-07-04 08:47:30.0239418] UObjectBase::bHasAudioFocus = 0x10C
[2026-07-04 08:47:30.0243746] UObjectBase::MaxSplitscreenPlayers = 0x68
[2026-07-04 08:47:30.0248657] UObjectBase::bIsPlayInEditorViewport = 0x6C
[2026-07-04 08:47:30.0258482] UObjectBase::bDisableWorldRendering = 0x6C
[2026-07-04 08:47:30.0269656] UObjectBase::bTearOff = 0x59
[2026-07-04 08:47:30.0275148] UObjectBase::CurrentLumenVisualizationMode = 0x150
[2026-07-04 08:47:30.0282420] UObjectBase::bSuppressTransitionMessage = 0x88
[2026-07-04 08:47:30.0285985] UObjectBase::bReplicateMovement = 0x58
[2026-07-04 08:47:30.0288920] UObjectBase::ViewModeIndex = 0xB0
[2026-07-04 08:47:30.0292999] UObjectBase::bNetUseOwnerRelevancy = 0x59
[2026-07-04 08:47:30.0299146] UObjectBase::AutoReceiveInput = 0x16B
[2026-07-04 08:47:30.0303615] UObjectBase::EngineShowFlags = 0xB8
[2026-07-04 08:47:30.0309507] UObjectBase::Viewport = 0xF8
[2026-07-04 08:47:30.0313949] UObjectBase::MouseLockMode = 0x3BC
[2026-07-04 08:47:30.0318125] UObjectBase::ViewportFrame = 0x100
[2026-07-04 08:47:30.0323316] UObjectBase::AudioDeviceHandle = 0x108
[2026-07-04 08:47:30.0327589] UObjectBase::CurrentGroomVisualizationMode = 0x160
[2026-07-04 08:47:30.0333797] UObjectBase::GameLayerManagerPtr = 0x130
[2026-07-04 08:47:30.0376046] UObjectBase::CurrentNaniteVisualizationMode = 0x148
[2026-07-04 08:47:30.0382185] UObjectBase::CurrentSubstrateVisualizationMode = 0x158
[2026-07-04 08:47:30.0386964] UObjectBase::CurrentVirtualShadowMapVisualizationMode = 0x168
[2026-07-04 08:47:30.0392459] UObjectBase::HighResScreenshotDialog = 0x170
[2026-07-04 08:47:30.0396554] UObjectBase::HardwareCursors = 0x1D0
[2026-07-04 08:47:30.0400693] UObjectBase::CursorWidgets = 0x220
[2026-07-04 08:47:30.0409315] UObjectBase::StatUnitData = 0x3A8
[2026-07-04 08:47:30.0414704] UObjectBase::OnBeginCursorOver = 0x1F5
[2026-07-04 08:47:30.0424380] UObjectBase::StatHitchesData = 0x3B0
[2026-07-04 08:47:30.0429861] UObjectBase::bIgnoreInput = 0x3B9
[2026-07-04 08:47:30.0433720] UObjectBase::MouseCaptureMode = 0x3BA
[2026-07-04 08:47:30.0437096] UObjectBase::bHideCursorDuringCapture = 0x3BB
[2026-07-04 08:47:30.0441393] UObjectBase::bActorEnableCollision = 0x5C
[2026-07-04 08:47:30.0445619] UObjectBase::bIsMouseOverClient = 0x3BD
[2026-07-04 08:47:30.0450176] UObjectBase::PrimaryActorTick = 0x28
[2026-07-04 08:47:30.0454040] UObjectBase::ActorHasBegunPlay = 0x5D
[2026-07-04 08:47:30.0459581] UObjectBase::bNetTemporary = 0x58
[2026-07-04 08:47:30.0466153] UObjectBase::bActorIsBeingConstructed = 0x5D
[2026-07-04 08:47:30.0473131] UObjectBase::bNetStartup = 0x58
[2026-07-04 08:47:30.0490983] UObjectBase::bOnlyRelevantToOwner = 0x58
[2026-07-04 08:47:30.0529575] UObjectBase::bCallPreReplication = 0x58
[2026-07-04 08:47:30.0534035] UObjectBase::bCallPreReplicationForReplay = 0x58
[2026-07-04 08:47:30.0537854] UObjectBase::bExchangedRoles = 0x59
[2026-07-04 08:47:30.0542101] UObjectBase::bRelevantForNetworkReplays = 0x59
[2026-07-04 08:47:30.0546063] UObjectBase::bRelevantForLevelBounds = 0x59
[2026-07-04 08:47:30.0553966] UObjectBase::bAutoDestroyWhenFinished = 0x5A
[2026-07-04 08:47:30.0560510] UObjectBase::bCanBeDamaged = 0x5A
[2026-07-04 08:47:30.0566737] UObjectBase::bBlockInput = 0x5A
[2026-07-04 08:47:30.0570652] UObjectBase::bCollideWhenPlacing = 0x5A
[2026-07-04 08:47:30.0574738] UObjectBase::bFindCameraComponentWhenViewTarget = 0x5A
[2026-07-04 08:47:30.0581213] UObjectBase::bGenerateOverlapEventsDuringLevelStreaming = 0x5A
[2026-07-04 08:47:30.0585486] UObjectBase::bIgnoresOriginShifting = 0x5A
[2026-07-04 08:47:30.0589489] UObjectBase::bHasRegisteredAllComponents = 0x5C
[2026-07-04 08:47:30.0594283] UObjectBase::bEnableAutoLODGeneration = 0x5B
[2026-07-04 08:47:30.0599226] UObjectBase::bIsEditorOnlyActor = 0x5B
[2026-07-04 08:47:30.0604106] UObjectBase::bActorSeamlessTraveled = 0x5B
[2026-07-04 08:47:30.0616294] UObjectBase::bReplicates = 0x5B
[2026-07-04 08:47:30.0621680] UObjectBase::bCanBeInCluster = 0x5B
[2026-07-04 08:47:30.0624924] UObjectBase::bAllowReceiveTickEventOnDedicatedServer = 0x5B
[2026-07-04 08:47:30.0628568] UObjectBase::bNetCheckedInitialPhysicsState = 0x5B
[2026-07-04 08:47:30.0631389] UObjectBase::bReplicateUsingRegisteredSubObjectList = 0x5B
[2026-07-04 08:47:30.0635076] UObjectBase::bHasFinishedSpawning = 0x5C
[2026-07-04 08:47:30.0685248] UObjectBase::bActorInitialized = 0x5C
[2026-07-04 08:47:30.0691595] UObjectBase::bActorBeginningPlayFromLevelStreaming = 0x5C
[2026-07-04 08:47:30.0696306] UObjectBase::bTickFunctionsRegistered = 0x5C
[2026-07-04 08:47:30.0701278] UObjectBase::AttachmentReplication = 0x70
[2026-07-04 08:47:30.0703939] UObjectBase::bHasDeferredComponentRegistration = 0x5C
[2026-07-04 08:47:30.0707525] UObjectBase::bRunningUserConstructionScript = 0x5C
[2026-07-04 08:47:30.0710194] UObjectBase::bActorIsBeingDestroyed = 0x5D
[2026-07-04 08:47:30.0712524] UObjectBase::bActorWantsDestroyDuringBeginPlay = 0x5D
[2026-07-04 08:47:30.0716320] UObjectBase::bAsyncPhysicsTickEnabled = 0x5D
[2026-07-04 08:47:30.0720818] UObjectBase::UpdateOverlapsMethodDuringLevelStreaming = 0x5E
[2026-07-04 08:47:30.0725444] UObjectBase::DefaultUpdateOverlapsMethodDuringLevelStreaming = 0x5F
[2026-07-04 08:47:30.0730059] UObjectBase::RemoteRole = 0x60
[2026-07-04 08:47:30.0733575] UObjectBase::ActorCategory = 0x61
[2026-07-04 08:47:30.0737557] UObjectBase::InitialLifeSpan = 0x64
[2026-07-04 08:47:30.0740910] UObjectBase::CustomTimeDilation = 0x68
[2026-07-04 08:47:30.0745821] UObjectBase::RayTracingGroupId = 0x6C
[2026-07-04 08:47:30.0750331] UObjectBase::ReplicatedMovement = 0xD0
[2026-07-04 08:47:30.0758005] UObjectBase::Owner = 0x158
[2026-07-04 08:47:30.0762418] UObjectBase::NetDormancy = 0x169
[2026-07-04 08:47:30.0768200] UObjectBase::NetDriverName = 0x160
[2026-07-04 08:47:30.0771611] UObjectBase::Role = 0x168
[2026-07-04 08:47:30.0774657] UObjectBase::SpawnCollisionHandlingMethod = 0x16A
[2026-07-04 08:47:30.0779450] UObjectBase::CreationTime = 0x170
[2026-07-04 08:47:30.0782676] UObjectBase::InputComponent = 0x178
[2026-07-04 08:47:30.0786602] UObjectBase::NetTag = 0x180
[2026-07-04 08:47:30.0796939] UObjectBase::NetCullDistanceSquared = 0x184
[2026-07-04 08:47:30.0866987] UObjectBase::NetUpdateFrequency = 0x188
[2026-07-04 08:47:30.0872129] UObjectBase::MinNetUpdateFrequency = 0x18C
[2026-07-04 08:47:30.0882092] UObjectBase::NetPriority = 0x190
[2026-07-04 08:47:30.0886886] UObjectBase::PhysicsReplicationMode = 0x194
[2026-07-04 08:47:30.0891068] UObjectBase::LastRenderTime = 0x198
[2026-07-04 08:47:30.0898161] UObjectBase::Children = 0x1A8
[2026-07-04 08:47:30.0905162] UObjectBase::RootComponent = 0x1B8
[2026-07-04 08:47:30.0909993] UObjectBase::TimerHandle_LifeSpanExpired = 0x1C0
[2026-07-04 08:47:30.0914723] UObjectBase::Layers = 0x1C8
[2026-07-04 08:47:30.0918929] UObjectBase::ParentComponent = 0x1D8
[2026-07-04 08:47:30.0923328] UObjectBase::Tags = 0x1E0
[2026-07-04 08:47:30.0927105] UObjectBase::OnTakeAnyDamage = 0x1F0
[2026-07-04 08:47:30.0931657] UObjectBase::OnTakePointDamage = 0x1F1
[2026-07-04 08:47:30.0935129] UObjectBase::OnTakeRadialDamage = 0x1F2
[2026-07-04 08:47:30.0939043] UObjectBase::OnActorBeginOverlap = 0x1F3
[2026-07-04 08:47:30.0942728] UObjectBase::OnActorEndOverlap = 0x1F4
[2026-07-04 08:47:30.0948157] UObjectBase::OnEndCursorOver = 0x1F6
[2026-07-04 08:47:30.0953858] UObjectBase::OnClicked = 0x1F7
[2026-07-04 08:47:30.0958879] UObjectBase::OnReleased = 0x1F8
[2026-07-04 08:47:30.0964029] UObjectBase::OnInputTouchBegin = 0x1F9
[2026-07-04 08:47:30.0971885] UObjectBase::OnInputTouchEnd = 0x1FA
[2026-07-04 08:47:30.0975086] UObjectBase::OnInputTouchEnter = 0x1FB
[2026-07-04 08:47:30.0977942] UObjectBase::OnInputTouchLeave = 0x1FC
[2026-07-04 08:47:30.0980797] UObjectBase::OnActorHit = 0x1FD
[2026-07-04 08:47:30.0984181] UObjectBase::OnDestroyed = 0x1FE
[2026-07-04 08:47:30.0989900] UObjectBase::ReplicatedSubObjects = 0x200
[2026-07-04 08:47:30.0994132] UObjectBase::ReplicatedComponentsInfo = 0x210
[2026-07-04 08:47:30.0998092] UObjectBase::DetachFence = 0x2A0
[2026-07-04 08:47:30.1002031] UScriptStruct::ICppStructOps::Size = 0x8
[2026-07-04 08:47:30.1005882] UScriptStruct::ICppStructOps::Alignment = 0xC
[2026-07-04 08:47:30.1012197] UScriptStruct::ICppStructOps::UEP_TotalSize = 0x10
[2026-07-04 08:47:30.1019024] UStruct::SuperStruct = 0x40
[2026-07-04 08:47:30.1023807] UStruct::ChildProperties = 0x50
[2026-07-04 08:47:30.1028596] UStruct::Children = 0x48
[2026-07-04 08:47:30.1033041] UStruct::PropertiesSize = 0x58
[2026-07-04 08:47:30.1038881] UStruct::UnresolvedScriptProperties = 0xA0
[2026-07-04 08:47:30.1045146] UStruct::MinAlignment = 0x5C
[2026-07-04 08:47:30.1047617] UStruct::PropertyLink = 0x70
[2026-07-04 08:47:30.1052706] UStruct::Script = 0x60
[2026-07-04 08:47:30.1056550] UStruct::RefLink = 0x78
[2026-07-04 08:47:30.1059321] UStruct::DestructorLink = 0x80
[2026-07-04 08:47:30.1062764] UStruct::PostConstructLink = 0x88
[2026-07-04 08:47:30.1064957] UStruct::ScriptAndPropertyObjectReferences = 0x90
[2026-07-04 08:47:30.1067839] UStruct::UEP_TotalSize = 0xB0
[2026-07-04 08:47:30.1071176] UScriptStruct::UEP_TotalSize = 0xC0
[2026-07-04 08:47:30.1075470] UScriptStruct::CppStructOps = 0xB8
[2026-07-04 08:47:30.1079702] UScriptStruct::StructFlags = 0xB0
[2026-07-04 08:47:30.1084697] UScriptStruct::bPrepareCppStructOpsCompleted = 0xB4
[2026-07-04 08:47:30.1088284] UClass::ClassConstructor = 0xB0
[2026-07-04 08:47:30.1092912] UClass::ClassVTableHelperCtorCaller = 0xB8
[2026-07-04 08:47:30.1100772] UClass::ClassUnique = 0xC8
[2026-07-04 08:47:30.1159922] UClass::ClassCastFlags = 0xD8
[2026-07-04 08:47:30.1169185] UClass::FirstOwnedClassRep = 0xCC
[2026-07-04 08:47:30.1179287] UClass::ClassWithin = 0xE0
[2026-07-04 08:47:30.1183944] UClass::bLayoutChanging = 0xD1
[2026-07-04 08:47:30.1188991] UClass::ClassConfigName = 0xE8
[2026-07-04 08:47:30.1193972] UClass::bCooked = 0xD0
[2026-07-04 08:47:30.1198226] UClass::ClassFlags = 0xD4
[2026-07-04 08:47:30.1203811] UClass::NetFields = 0x100
[2026-07-04 08:47:30.1208087] UClass::ClassDefaultObject = 0x110
[2026-07-04 08:47:30.1211539] UClass::SparseClassData = 0x118
[2026-07-04 08:47:30.1215805] UClass::SparseClassDataStruct = 0x120
[2026-07-04 08:47:30.1221396] UClass::FuncMap = 0x128
[2026-07-04 08:47:30.1224982] UClass::AllFunctionsCache = 0x180
[2026-07-04 08:47:30.1229703] UClass::Interfaces = 0x1D8
[2026-07-04 08:47:30.1235449] UClass::ReferenceSchema = 0x1E8
[2026-07-04 08:47:30.1241720] UClass::NativeFunctionLookupTable = 0x1F0
[2026-07-04 08:47:30.1249522] UClass::UEP_TotalSize = 0x200
[2026-07-04 08:47:30.1253845] UEnum::CppType = 0x30
[2026-07-04 08:47:30.1258129] UEnum::EnumFlags_Internal = 0x51
[2026-07-04 08:47:30.1262049] UEnum::Names = 0x40
[2026-07-04 08:47:30.1326387] UEnum::CppForm = 0x50
[2026-07-04 08:47:30.1330447] UEnum::EnumPackage = 0x54
[2026-07-04 08:47:30.1334639] UEnum::EnumDisplayNameFn = 0x60
[2026-07-04 08:47:30.1338775] UEnum::UEP_TotalSize = 0x68
[2026-07-04 08:47:30.1344124] UFunction::FunctionFlags = 0xB0
[2026-07-04 08:47:30.1348654] UFunction::NumParms = 0xB4
[2026-07-04 08:47:30.1352855] UFunction::ParmsSize = 0xB6
[2026-07-04 08:47:30.1367983] UFunction::FirstPropertyToInit = 0xC0
[2026-07-04 08:47:30.1374076] UFunction::RPCId = 0xBA
[2026-07-04 08:47:30.1381713] UFunction::ReturnValueOffset = 0xB8
[2026-07-04 08:47:30.1386220] UFunction::RPCResponseId = 0xBC
[2026-07-04 08:47:30.1389988] UFunction::EventGraphFunction = 0xC8
[2026-07-04 08:47:30.1394033] UFunction::EventGraphCallOffset = 0xD0
[2026-07-04 08:47:30.1400249] UFunction::Func = 0xD8
[2026-07-04 08:47:30.1405045] UFunction::UEP_TotalSize = 0xE0
[2026-07-04 08:47:30.1410267] UField::Next = 0x28
[2026-07-04 08:47:30.1414136] UField::UEP_TotalSize = 0x30
[2026-07-04 08:47:30.1419732] FField::ClassPrivate = 0x8
[2026-07-04 08:47:30.1424688] FField::Owner = 0x10
[2026-07-04 08:47:30.1483261] FField::Next = 0x18
[2026-07-04 08:47:30.1491499] FField::FlagsPrivate = 0x28
[2026-07-04 08:47:30.1495554] FField::NamePrivate = 0x20
[2026-07-04 08:47:30.1499679] FField::UEP_TotalSize = 0x30
[2026-07-04 08:47:30.1504630] FProperty::RepIndex = 0x40
[2026-07-04 08:47:30.1508823] FProperty::ArrayDim = 0x30
[2026-07-04 08:47:30.1516365] FProperty::ElementSize = 0x34
[2026-07-04 08:47:30.1524059] FProperty::PropertyLinkNext = 0x48
[2026-07-04 08:47:30.1531128] FProperty::PropertyFlags = 0x38
[2026-07-04 08:47:30.1534959] FProperty::Offset_Internal = 0x44
[2026-07-04 08:47:30.1539500] FProperty::NextRef = 0x50
[2026-07-04 08:47:30.1543843] FProperty::DestructorLinkNext = 0x58
[2026-07-04 08:47:30.1547970] FProperty::PostConstructLinkNext = 0x60
[2026-07-04 08:47:30.1553066] FProperty::RepNotifyFunc = 0x68
[2026-07-04 08:47:30.1557264] FProperty::UEP_TotalSize = 0x70
[2026-07-04 08:47:30.1560789] FNumericProperty::RepIndex = 0x40
[2026-07-04 08:47:30.1564240] FNumericProperty::ArrayDim = 0x30
[2026-07-04 08:47:30.1568775] FNumericProperty::ElementSize = 0x34
[2026-07-04 08:47:30.1573405] FNumericProperty::PropertyLinkNext = 0x48
[2026-07-04 08:47:30.1595226] FNumericProperty::PropertyFlags = 0x38
[2026-07-04 08:47:30.1626277] FNumericProperty::Offset_Internal = 0x44
[2026-07-04 08:47:30.1631877] FNumericProperty::NextRef = 0x50
[2026-07-04 08:47:30.1636713] FNumericProperty::DestructorLinkNext = 0x58
[2026-07-04 08:47:30.1642939] FNumericProperty::PostConstructLinkNext = 0x60
[2026-07-04 08:47:30.1652884] FNumericProperty::RepNotifyFunc = 0x68
[2026-07-04 08:47:30.1660843] FNumericProperty::UEP_TotalSize = 0x70
[2026-07-04 08:47:30.1665821] FObjectPropertyBase::PropertyClass = 0x70
[2026-07-04 08:47:30.1670399] FObjectPropertyBase::UEP_TotalSize = 0x78
[2026-07-04 08:47:30.1676044] FStructProperty::Struct = 0x70
[2026-07-04 08:47:30.1682284] FStructProperty::UEP_TotalSize = 0x78
[2026-07-04 08:47:30.1687672] FArrayProperty::Inner = 0x78
[2026-07-04 08:47:30.1693000] FArrayProperty::ArrayFlags = 0x70
[2026-07-04 08:47:30.1698024] FArrayProperty::UEP_TotalSize = 0x80
[2026-07-04 08:47:30.1701482] FMapProperty::KeyProp = 0x70
[2026-07-04 08:47:30.1706564] FMapProperty::MapLayout = 0x80
[2026-07-04 08:47:30.1710371] FMapProperty::ValueProp = 0x78
[2026-07-04 08:47:30.1716887] FMapProperty::MapFlags = 0x98
[2026-07-04 08:47:30.1727851] FMapProperty::UEP_TotalSize = 0xA0
[2026-07-04 08:47:30.1732761] FSetProperty::ElementProp = 0x70
[2026-07-04 08:47:30.1737396] FSetProperty::UEP_TotalSize = 0x90
[2026-07-04 08:47:30.1742589] FSetProperty::SetLayout = 0x78
[2026-07-04 08:47:30.1789835] FBoolProperty::ByteOffset = 0x71
[2026-07-04 08:47:30.1796173] FBoolProperty::FieldSize = 0x70
[2026-07-04 08:47:30.1800195] FBoolProperty::FieldMask = 0x73
[2026-07-04 08:47:30.1805799] FBoolProperty::ByteMask = 0x72
[2026-07-04 08:47:30.1810178] FBoolProperty::UEP_TotalSize = 0x78
[2026-07-04 08:47:30.1814370] FByteProperty::Enum = 0x70
[2026-07-04 08:47:30.1819164] FByteProperty::UEP_TotalSize = 0x78
[2026-07-04 08:47:30.1823329] FEnumProperty::UEP_TotalSize = 0x80
[2026-07-04 08:47:30.1825465] FEnumProperty::UnderlyingProp = 0x70
[2026-07-04 08:47:30.1828718] FEnumProperty::Enum = 0x78
[2026-07-04 08:47:30.1834673] FClassProperty::MetaClass = 0x78
[2026-07-04 08:47:30.1845428] FClassProperty::UEP_TotalSize = 0x80
[2026-07-04 08:47:30.1850835] FSoftClassProperty::MetaClass = 0x78
[2026-07-04 08:47:30.1853754] FSoftClassProperty::UEP_TotalSize = 0x80
[2026-07-04 08:47:30.1861547] FDelegateProperty::SignatureFunction = 0x70
[2026-07-04 08:47:30.1873211] FDelegateProperty::UEP_TotalSize = 0x78
[2026-07-04 08:47:30.1880939] FMulticastDelegateProperty::SignatureFunction = 0x70
[2026-07-04 08:47:30.1887072] FMulticastDelegateProperty::UEP_TotalSize = 0x78
[2026-07-04 08:47:30.1986546] FInterfaceProperty::InterfaceClass = 0x70
[2026-07-04 08:47:30.1994235] FInterfaceProperty::UEP_TotalSize = 0x78
[2026-07-04 08:47:30.2000614] FFieldPathProperty::PropertyClass = 0x70
[2026-07-04 08:47:30.2008601] FFieldPathProperty::UEP_TotalSize = 0x78
[2026-07-04 08:47:30.2016887] FWorldContext::ThisCurrentWorld = 0x2C0
[2026-07-04 08:47:30.2023976] FWorldContext::ExternalReferences = 0x2B0
[2026-07-04 08:47:30.2028941] FWorldContext::LastRemoteURL = 0x128
[2026-07-04 08:47:30.2032761] FWorldContext::ContextHandle = 0xA0
[2026-07-04 08:47:30.2036654] FWorldContext::PendingMapChangeFailureDescription = 0x1C8
[2026-07-04 08:47:30.2041684] FWorldContext::TravelURL = 0xA8
[2026-07-04 08:47:30.2045508] FWorldContext::TravelType = 0xB8
[2026-07-04 08:47:30.2050192] FWorldContext::LastURL = 0xC0
[2026-07-04 08:47:30.2054455] FWorldContext::LevelsToLoadForPendingMapChange = 0x1A8
[2026-07-04 08:47:30.2060377] FWorldContext::GarbageObjectsToVerify = 0x260
[2026-07-04 08:47:30.2064984] FWorldContext::bShouldCommitPendingMapChange = 0x1D8
[2026-07-04 08:47:30.2111601] FWorldContext::GameViewport = 0x200
[2026-07-04 08:47:30.2116022] FWorldContext::PIEInstance = 0x220
[2026-07-04 08:47:30.2121828] FWorldContext::PIEFixedTickSeconds = 0x258
[2026-07-04 08:47:30.2125982] FWorldContext::PIEPrefix = 0x228
[2026-07-04 08:47:30.2130195] FWorldContext::RunAsDedicated = 0x23C
[2026-07-04 08:47:30.2139389] FWorldContext::bWaitingOnOnlineSubsystem = 0x23D
[2026-07-04 08:47:30.2145278] FWorldContext::bIsPrimaryPIEInstance = 0x23E
[2026-07-04 08:47:30.2152627] FWorldContext::AudioDeviceID = 0x240
[2026-07-04 08:47:30.2158341] FWorldContext::CustomDescription = 0x248
[2026-07-04 08:47:30.2162391] FWorldContext::PIEAccumulatedTickSeconds = 0x25C
[2026-07-04 08:47:30.2167426] FWorldContext::UEP_TotalSize = 0x2C8
[2026-07-04 08:47:30.2175248] FOutputDevice::bSuppressEventTag = 0x8
[2026-07-04 08:47:30.2181150] FOutputDevice::bAutoEmitLineTerminator = 0x9
[2026-07-04 08:47:30.2186061] FOutputDevice::UEP_TotalSize = 0x10
[2026-07-04 08:47:30.2190596] FArchiveState::ArIsTextFormat = 0x28
[2026-07-04 08:47:30.2196238] FArchiveState::ArIsLoading = 0x28
[2026-07-04 08:47:30.2201262] FArchiveState::ArIsLoadingFromCookedPackage = 0x28
[2026-07-04 08:47:30.2205664] FArchiveState::ArPortFlags = 0x34
[2026-07-04 08:47:30.2214644] FArchiveState::ArIsTransacting = 0x28
[2026-07-04 08:47:30.2220578] FArchiveState::ArIsSaving = 0x28
[2026-07-04 08:47:30.2288452] FArchiveState::ArForceUnicode = 0x28
[2026-07-04 08:47:30.2293495] FArchiveState::ArIsModifyingWeakAndStrongReferences = 0x2B
[2026-07-04 08:47:30.2297357] FArchiveState::ArUseUnversionedPropertySerialization = 0x28
[2026-07-04 08:47:30.2302182] FArchiveState::ArWantBinaryPropertySerialization = 0x28
[2026-07-04 08:47:30.2307725] FArchiveState::ArIsObjectReferenceCollector = 0x2B
[2026-07-04 08:47:30.2311868] FArchiveState::ArIsPersistent = 0x29
[2026-07-04 08:47:30.2317618] FArchiveState::ArForceByteSwapping = 0x2A
[2026-07-04 08:47:30.2322521] FArchiveState::ArIsError = 0x29
[2026-07-04 08:47:30.2327120] FArchiveState::ArUEVer = 0x40
[2026-07-04 08:47:30.2332588] FArchiveState::ArIsCriticalError = 0x29
[2026-07-04 08:47:30.2336778] FArchiveState::ArMaxSerializeSize = 0x38
[2026-07-04 08:47:30.2340974] FArchiveState::ArShouldSkipCompilingAssets = 0x29
[2026-07-04 08:47:30.2345582] FArchiveState::ArShouldSkipUpdateCustomVersion = 0x29
[2026-07-04 08:47:30.2351278] FArchiveState::ArCustomPropertyList = 0x60
[2026-07-04 08:47:30.2357774] FArchiveState::ArContainsCode = 0x29
[2026-07-04 08:47:30.2366738] FArchiveState::ArIsNetArchive = 0x2B
[2026-07-04 08:47:30.2371686] FArchiveState::ArContainsMap = 0x29
[2026-07-04 08:47:30.2386320] FArchiveState::ArRequiresLocalizationGather = 0x29
[2026-07-04 08:47:30.2426717] FArchiveState::ArIgnoreArchetypeRef = 0x2A
[2026-07-04 08:47:30.2431149] FArchiveState::ArNoDelta = 0x2A
[2026-07-04 08:47:30.2436704] FArchiveState::ArNoIntraPropertyDelta = 0x2A
[2026-07-04 08:47:30.2440994] FArchiveState::ArIgnoreOuterRef = 0x2A
[2026-07-04 08:47:30.2446328] FArchiveState::ArIgnoreClassGeneratedByRef = 0x2A
[2026-07-04 08:47:30.2450525] FArchiveState::ArLicenseeUEVer = 0x48
[2026-07-04 08:47:30.2453630] FArchiveState::ArMergeOverrides = 0x2C
[2026-07-04 08:47:30.2457969] FArchiveState::ArIgnoreClassRef = 0x2A
[2026-07-04 08:47:30.2462610] FArchiveState::ArAllowLazyLoading = 0x2A
[2026-07-04 08:47:30.2466838] FArchiveState::NextProxy = 0x88
[2026-07-04 08:47:30.2473259] FArchiveState::ArIsCountingMemory = 0x2B
[2026-07-04 08:47:30.2477503] FArchiveState::bCustomVersionsAreReset = 0x80
[2026-07-04 08:47:30.2485003] FArchiveState::ArShouldSkipBulkData = 0x2B
[2026-07-04 08:47:30.2492494] FArchiveState::ArIsFilterEditorOnly = 0x2B
[2026-07-04 08:47:30.2496714] FArchiveState::ArIsSaveGame = 0x2B
[2026-07-04 08:47:30.2501437] FArchiveState::ArUseCustomPropertyList = 0x2B
[2026-07-04 08:47:30.2504408] FArchiveState::UEP_TotalSize = 0x90
[2026-07-04 08:47:30.2508855] FArchiveState::ArSerializingDefaults = 0x30
[2026-07-04 08:47:30.2513186] FArchiveState::ArEngineVer = 0x4C
[2026-07-04 08:47:30.2517256] FArchiveState::CustomVersionContainer = 0x58
[2026-07-04 08:47:30.2522816] FArchiveState::SavePackageData = 0x68
[2026-07-04 08:47:30.2589415] FArchiveState::SerializedProperty = 0x70
[2026-07-04 08:47:30.2596144] AActor::NamePrivate = 0x18
[2026-07-04 08:47:30.2599773] AActor::ObjectFlags = 0x8
[2026-07-04 08:47:30.2603356] AActor::World = 0x78
[2026-07-04 08:47:30.2607694] AActor::ActiveSplitscreenType = 0x70
[2026-07-04 08:47:30.2610890] AActor::ViewportConsole = 0x40
[2026-07-04 08:47:30.2615663] AActor::bUseSoftwareCursorWidgets = 0x270
[2026-07-04 08:47:30.2619964] AActor::ClassPrivate = 0x10
[2026-07-04 08:47:30.2625172] AActor::bNetLoadOnClient = 0x59
[2026-07-04 08:47:30.2629752] AActor::InternalIndex_Private = 0xC
[2026-07-04 08:47:30.2638065] AActor::bAllowTickBeforeBeginPlay = 0x5A
[2026-07-04 08:47:30.2643510] AActor::InputPriority = 0x16C
[2026-07-04 08:47:30.2647308] AActor::bForceNetAddressable = 0x59
[2026-07-04 08:47:30.2651587] AActor::bDisableSplitScreenOverride = 0x3B8
[2026-07-04 08:47:30.2656106] AActor::Window = 0x110
[2026-07-04 08:47:30.2660360] AActor::OuterPrivate = 0x20
[2026-07-04 08:47:30.2664399] AActor::bAlwaysRelevant = 0x58
[2026-07-04 08:47:30.2668791] AActor::HardwareCursorCache = 0x180
[2026-07-04 08:47:30.2674798] AActor::DebugProperties = 0x48
[2026-07-04 08:47:30.2678942] AActor::bReplayRewindable = 0x59
[2026-07-04 08:47:30.2740249] AActor::bHidden = 0x58
[2026-07-04 08:47:30.2745181] AActor::CurrentBufferVisualizationMode = 0x140
[2026-07-04 08:47:30.2748975] AActor::UEP_TotalSize = 0x28
[2026-07-04 08:47:30.2752934] AActor::SplitscreenInfo = 0x58
[2026-07-04 08:47:30.2759854] AActor::ViewportOverlayWidget = 0x120
[2026-07-04 08:47:30.2771987] AActor::OnEndPlay = 0x1FF
[2026-07-04 08:47:30.2776578] AActor::bHasAudioFocus = 0x10C
[2026-07-04 08:47:30.2780294] AActor::MaxSplitscreenPlayers = 0x68
[2026-07-04 08:47:30.2784373] AActor::bIsPlayInEditorViewport = 0x6C
[2026-07-04 08:47:30.2789222] AActor::bDisableWorldRendering = 0x6C
[2026-07-04 08:47:30.2794346] AActor::bTearOff = 0x59
[2026-07-04 08:47:30.2797451] AActor::CurrentLumenVisualizationMode = 0x150
[2026-07-04 08:47:30.2800954] AActor::bSuppressTransitionMessage = 0x88
[2026-07-04 08:47:30.2806139] AActor::bReplicateMovement = 0x58
[2026-07-04 08:47:30.2809524] AActor::ViewModeIndex = 0xB0
[2026-07-04 08:47:30.2813998] AActor::bNetUseOwnerRelevancy = 0x59
[2026-07-04 08:47:30.2818506] AActor::AutoReceiveInput = 0x16B
[2026-07-04 08:47:30.2822468] AActor::EngineShowFlags = 0xB8
[2026-07-04 08:47:30.2826815] AActor::Viewport = 0xF8
[2026-07-04 08:47:30.2831320] AActor::MouseLockMode = 0x3BC
[2026-07-04 08:47:30.2837588] AActor::ViewportFrame = 0x100
[2026-07-04 08:47:30.2842314] AActor::AudioDeviceHandle = 0x108
[2026-07-04 08:47:30.2904718] AActor::CurrentGroomVisualizationMode = 0x160
[2026-07-04 08:47:30.2912444] AActor::GameLayerManagerPtr = 0x130
[2026-07-04 08:47:30.2919528] AActor::CurrentNaniteVisualizationMode = 0x148
[2026-07-04 08:47:30.2924470] AActor::CurrentSubstrateVisualizationMode = 0x158
[2026-07-04 08:47:30.2930780] AActor::CurrentVirtualShadowMapVisualizationMode = 0x168
[2026-07-04 08:47:30.2934980] AActor::HighResScreenshotDialog = 0x170
[2026-07-04 08:47:30.2939990] AActor::HardwareCursors = 0x1D0
[2026-07-04 08:47:30.2944136] AActor::CursorWidgets = 0x220
[2026-07-04 08:47:30.2947873] AActor::StatUnitData = 0x3A8
[2026-07-04 08:47:30.2953683] AActor::OnBeginCursorOver = 0x1F5
[2026-07-04 08:47:30.2958162] AActor::StatHitchesData = 0x3B0
[2026-07-04 08:47:30.2962831] AActor::bIgnoreInput = 0x3B9
[2026-07-04 08:47:30.2968015] AActor::MouseCaptureMode = 0x3BA
[2026-07-04 08:47:30.2972232] AActor::bHideCursorDuringCapture = 0x3BB
[2026-07-04 08:47:30.2983510] AActor::bActorEnableCollision = 0x5C
[2026-07-04 08:47:30.2988400] AActor::bIsMouseOverClient = 0x3BD
[2026-07-04 08:47:30.2991310] AActor::PrimaryActorTick = 0x28
[2026-07-04 08:47:30.2995004] AActor::ActorHasBegunPlay = 0x5D
[2026-07-04 08:47:30.2998846] AActor::bNetTemporary = 0x58
[2026-07-04 08:47:30.3001796] AActor::bActorIsBeingConstructed = 0x5D
[2026-07-04 08:47:30.3047806] AActor::bNetStartup = 0x58
[2026-07-04 08:47:30.3051922] AActor::bOnlyRelevantToOwner = 0x58
[2026-07-04 08:47:30.3055008] AActor::bCallPreReplication = 0x58
[2026-07-04 08:47:30.3057627] AActor::bCallPreReplicationForReplay = 0x58
[2026-07-04 08:47:30.3061290] AActor::bExchangedRoles = 0x59
[2026-07-04 08:47:30.3066353] AActor::bRelevantForNetworkReplays = 0x59
[2026-07-04 08:47:30.3073124] AActor::bRelevantForLevelBounds = 0x59
[2026-07-04 08:47:30.3076190] AActor::bAutoDestroyWhenFinished = 0x5A
[2026-07-04 08:47:30.3078351] AActor::bCanBeDamaged = 0x5A
[2026-07-04 08:47:30.3081408] AActor::bBlockInput = 0x5A
[2026-07-04 08:47:30.3099175] AActor::bCollideWhenPlacing = 0x5A
[2026-07-04 08:47:30.3103988] AActor::bFindCameraComponentWhenViewTarget = 0x5A
[2026-07-04 08:47:30.3108862] AActor::bGenerateOverlapEventsDuringLevelStreaming = 0x5A
[2026-07-04 08:47:30.3116604] AActor::bIgnoresOriginShifting = 0x5A
[2026-07-04 08:47:30.3122003] AActor::bHasRegisteredAllComponents = 0x5C
[2026-07-04 08:47:30.3132629] AActor::bEnableAutoLODGeneration = 0x5B
[2026-07-04 08:47:30.3138021] AActor::bIsEditorOnlyActor = 0x5B
[2026-07-04 08:47:30.3141924] AActor::bActorSeamlessTraveled = 0x5B
[2026-07-04 08:47:30.3145132] AActor::bReplicates = 0x5B
[2026-07-04 08:47:30.3149026] AActor::bCanBeInCluster = 0x5B
[2026-07-04 08:47:30.3151992] AActor::bAllowReceiveTickEventOnDedicatedServer = 0x5B
[2026-07-04 08:47:30.3156611] AActor::bNetCheckedInitialPhysicsState = 0x5B
[2026-07-04 08:47:30.3206322] AActor::bReplicateUsingRegisteredSubObjectList = 0x5B
[2026-07-04 08:47:30.3209265] AActor::bHasFinishedSpawning = 0x5C
[2026-07-04 08:47:30.3211817] AActor::bActorInitialized = 0x5C
[2026-07-04 08:47:30.3214561] AActor::bActorBeginningPlayFromLevelStreaming = 0x5C
[2026-07-04 08:47:30.3216838] AActor::bTickFunctionsRegistered = 0x5C
[2026-07-04 08:47:30.3219049] AActor::AttachmentReplication = 0x70
[2026-07-04 08:47:30.3222312] AActor::bHasDeferredComponentRegistration = 0x5C
[2026-07-04 08:47:30.3226781] AActor::bRunningUserConstructionScript = 0x5C
[2026-07-04 08:47:30.3231219] AActor::bActorIsBeingDestroyed = 0x5D
[2026-07-04 08:47:30.3237765] AActor::bActorWantsDestroyDuringBeginPlay = 0x5D
[2026-07-04 08:47:30.3245042] AActor::bAsyncPhysicsTickEnabled = 0x5D
[2026-07-04 08:47:30.3251315] AActor::UpdateOverlapsMethodDuringLevelStreaming = 0x5E
[2026-07-04 08:47:30.3257492] AActor::DefaultUpdateOverlapsMethodDuringLevelStreaming = 0x5F
[2026-07-04 08:47:30.3262045] AActor::RemoteRole = 0x60
[2026-07-04 08:47:30.3269094] AActor::ActorCategory = 0x61
[2026-07-04 08:47:30.3274876] AActor::InitialLifeSpan = 0x64
[2026-07-04 08:47:30.3280270] AActor::CustomTimeDilation = 0x68
[2026-07-04 08:47:30.3285880] AActor::RayTracingGroupId = 0x6C
[2026-07-04 08:47:30.3292414] AActor::ReplicatedMovement = 0xD0
[2026-07-04 08:47:30.3298459] AActor::Owner = 0x158
[2026-07-04 08:47:30.3305638] AActor::NetDormancy = 0x169
[2026-07-04 08:47:30.3312300] AActor::NetDriverName = 0x160
[2026-07-04 08:47:30.3399387] AActor::Role = 0x168
[2026-07-04 08:47:30.3405196] AActor::SpawnCollisionHandlingMethod = 0x16A
[2026-07-04 08:47:30.3412764] AActor::CreationTime = 0x170
[2026-07-04 08:47:30.3417492] AActor::InputComponent = 0x178
[2026-07-04 08:47:30.3421522] AActor::NetTag = 0x180
[2026-07-04 08:47:30.3425060] AActor::NetCullDistanceSquared = 0x184
[2026-07-04 08:47:30.3429692] AActor::NetUpdateFrequency = 0x188
[2026-07-04 08:47:30.3433618] AActor::MinNetUpdateFrequency = 0x18C
[2026-07-04 08:47:30.3437494] AActor::NetPriority = 0x190
[2026-07-04 08:47:30.3443632] AActor::PhysicsReplicationMode = 0x194
[2026-07-04 08:47:30.3447799] AActor::LastRenderTime = 0x198
[2026-07-04 08:47:30.3452834] AActor::Children = 0x1A8
[2026-07-04 08:47:30.3457266] AActor::RootComponent = 0x1B8
[2026-07-04 08:47:30.3470673] AActor::TimerHandle_LifeSpanExpired = 0x1C0
[2026-07-04 08:47:30.3476171] AActor::Layers = 0x1C8
[2026-07-04 08:47:30.3508199] AActor::ParentComponent = 0x1D8
[2026-07-04 08:47:30.3512255] AActor::Tags = 0x1E0
[2026-07-04 08:47:30.3519739] AActor::OnTakeAnyDamage = 0x1F0
[2026-07-04 08:47:30.3525109] AActor::OnTakePointDamage = 0x1F1
[2026-07-04 08:47:30.3537591] AActor::OnTakeRadialDamage = 0x1F2
[2026-07-04 08:47:30.3541484] AActor::OnActorBeginOverlap = 0x1F3
[2026-07-04 08:47:30.3544435] AActor::OnActorEndOverlap = 0x1F4
[2026-07-04 08:47:30.3546680] AActor::OnEndCursorOver = 0x1F6
[2026-07-04 08:47:30.3549629] AActor::OnClicked = 0x1F7
[2026-07-04 08:47:30.3553874] AActor::OnReleased = 0x1F8
[2026-07-04 08:47:30.3557676] AActor::OnInputTouchBegin = 0x1F9
[2026-07-04 08:47:30.3561773] AActor::OnInputTouchEnd = 0x1FA
[2026-07-04 08:47:30.3564101] AActor::OnInputTouchEnter = 0x1FB
[2026-07-04 08:47:30.3568530] AActor::OnInputTouchLeave = 0x1FC
[2026-07-04 08:47:30.3571781] AActor::OnActorHit = 0x1FD
[2026-07-04 08:47:30.3574139] AActor::OnDestroyed = 0x1FE
[2026-07-04 08:47:30.3576699] AActor::ReplicatedSubObjects = 0x200
[2026-07-04 08:47:30.3578139] AActor::ReplicatedComponentsInfo = 0x210
[2026-07-04 08:47:30.3580382] AActor::DetachFence = 0x2A0
[2026-07-04 08:47:30.3583471] AGameModeBase::OptionsString = 0x2A8
[2026-07-04 08:47:30.3588593] AGameModeBase::ServerStatReplicator = 0x310
[2026-07-04 08:47:30.3592845] AGameModeBase::GameSessionClass = 0x2B8
[2026-07-04 08:47:30.3603999] AGameModeBase::PlayerStateClass = 0x2D0
[2026-07-04 08:47:30.3608666] AGameModeBase::HUDClass = 0x2D8
[2026-07-04 08:47:30.3611739] AGameModeBase::SpectatorClass = 0x2E8
[2026-07-04 08:47:30.3613405] AGameModeBase::GameSession = 0x300
[2026-07-04 08:47:30.3615483] AGameModeBase::ServerStatReplicatorClass = 0x2F8
[2026-07-04 08:47:30.3617374] AGameModeBase::DefaultPlayerName = 0x318
[2026-07-04 08:47:30.3620841] AGameModeBase::bUseSeamlessTravel = 0x328
[2026-07-04 08:47:30.3623331] AGameModeBase::bStartPlayersAsSpectators = 0x328
[2026-07-04 08:47:30.3626139] AGameModeBase::bPauseable = 0x328
[2026-07-04 08:47:30.3629304] AGameModeBase::GameNetDriverReplicationSystem = 0x32C
[2026-07-04 08:47:30.3633083] AGameModeBase::UEP_TotalSize = 0x340
[2026-07-04 08:47:30.3637266] AGameMode::NumBots = 0x354
[2026-07-04 08:47:30.3687835] AGameMode::MatchState = 0x340
[2026-07-04 08:47:30.3693428] AGameMode::NumSpectators = 0x34C
[2026-07-04 08:47:30.3696865] AGameMode::NumPlayers = 0x350
[2026-07-04 08:47:30.3700906] AGameMode::bDelayedStart = 0x348
[2026-07-04 08:47:30.3705468] AGameMode::MinRespawnDelay = 0x358
[2026-07-04 08:47:30.3718639] AGameMode::EngineMessageClass = 0x360
[2026-07-04 08:47:30.3726136] AGameMode::NumTravellingPlayers = 0x35C
[2026-07-04 08:47:30.3747258] AGameMode::InactivePlayerArray = 0x368
[2026-07-04 08:47:30.3752941] AGameMode::InactivePlayerStateLifeSpan = 0x378
[2026-07-04 08:47:30.3757880] AGameMode::MaxInactivePlayers = 0x37C
[2026-07-04 08:47:30.3765500] AGameMode::bHandleDedicatedServerReplays = 0x380
[2026-07-04 08:47:30.3772193] AGameMode::UEP_TotalSize = 0x388
[2026-07-04 08:47:30.3786469] UEngine::NamePrivate = 0x18
[2026-07-04 08:47:30.3792857] UEngine::ObjectFlags = 0x8
[2026-07-04 08:47:30.3838360] UEngine::World = 0x78
[2026-07-04 08:47:30.3841938] UEngine::ActiveSplitscreenType = 0x70
[2026-07-04 08:47:30.3845883] UEngine::ViewportConsole = 0x40
[2026-07-04 08:47:30.3850102] UEngine::bUseSoftwareCursorWidgets = 0x270
[2026-07-04 08:47:30.3854019] UEngine::ClassPrivate = 0x10
[2026-07-04 08:47:30.3858147] UEngine::bNetLoadOnClient = 0x59
[2026-07-04 08:47:30.3862536] UEngine::InternalIndex_Private = 0xC
[2026-07-04 08:47:30.3866926] UEngine::bAllowTickBeforeBeginPlay = 0x5A
[2026-07-04 08:47:30.3870761] UEngine::InputPriority = 0x16C
[2026-07-04 08:47:30.3878341] UEngine::bForceNetAddressable = 0x59
[2026-07-04 08:47:30.3888273] UEngine::bDisableSplitScreenOverride = 0x3B8
[2026-07-04 08:47:30.3892639] UEngine::Window = 0x110
[2026-07-04 08:47:30.3894770] UEngine::OuterPrivate = 0x20
[2026-07-04 08:47:30.3898789] UEngine::bAlwaysRelevant = 0x58
[2026-07-04 08:47:30.3903450] UEngine::HardwareCursorCache = 0x180
[2026-07-04 08:47:30.3908576] UEngine::DebugProperties = 0x48
[2026-07-04 08:47:30.3913028] UEngine::bReplayRewindable = 0x59
[2026-07-04 08:47:30.3916752] UEngine::bHidden = 0x58
[2026-07-04 08:47:30.3920549] UEngine::CurrentBufferVisualizationMode = 0x140
[2026-07-04 08:47:30.3924381] UEngine::UEP_TotalSize = 0x28
[2026-07-04 08:47:30.3929787] UEngine::SplitscreenInfo = 0x58
[2026-07-04 08:47:30.3934734] UEngine::ViewportOverlayWidget = 0x120
[2026-07-04 08:47:30.3939691] UEngine::OnEndPlay = 0x1FF
[2026-07-04 08:47:30.3993268] UEngine::bHasAudioFocus = 0x10C
[2026-07-04 08:47:30.3998819] UEngine::MaxSplitscreenPlayers = 0x68
[2026-07-04 08:47:30.4004082] UEngine::bIsPlayInEditorViewport = 0x6C
[2026-07-04 08:47:30.4008770] UEngine::bDisableWorldRendering = 0x6C
[2026-07-04 08:47:30.4024502] UEngine::bTearOff = 0x59
[2026-07-04 08:47:30.4031315] UEngine::CurrentLumenVisualizationMode = 0x150
[2026-07-04 08:47:30.4034877] UEngine::bSuppressTransitionMessage = 0x88
[2026-07-04 08:47:30.4039600] UEngine::bReplicateMovement = 0x58
[2026-07-04 08:47:30.4042759] UEngine::ViewModeIndex = 0xB0
[2026-07-04 08:47:30.4046920] UEngine::bNetUseOwnerRelevancy = 0x59
[2026-07-04 08:47:30.4050661] UEngine::AutoReceiveInput = 0x16B
[2026-07-04 08:47:30.4054155] UEngine::EngineShowFlags = 0xB8
[2026-07-04 08:47:30.4059261] UEngine::Viewport = 0xF8
[2026-07-04 08:47:30.4064426] UEngine::MouseLockMode = 0x3BC
[2026-07-04 08:47:30.4067732] UEngine::ViewportFrame = 0x100
[2026-07-04 08:47:30.4071805] UEngine::AudioDeviceHandle = 0x108
[2026-07-04 08:47:30.4075711] UEngine::CurrentGroomVisualizationMode = 0x160
[2026-07-04 08:47:30.4080217] UEngine::GameLayerManagerPtr = 0x130
[2026-07-04 08:47:30.4088645] UEngine::CurrentNaniteVisualizationMode = 0x148
[2026-07-04 08:47:30.4092949] UEngine::CurrentSubstrateVisualizationMode = 0x158
[2026-07-04 08:47:30.4096978] UEngine::CurrentVirtualShadowMapVisualizationMode = 0x168
[2026-07-04 08:47:30.4131015] UEngine::HighResScreenshotDialog = 0x170
[2026-07-04 08:47:30.4133891] UEngine::HardwareCursors = 0x1D0
[2026-07-04 08:47:30.4137038] UEngine::CursorWidgets = 0x220
[2026-07-04 08:47:30.4141320] UEngine::StatUnitData = 0x3A8
[2026-07-04 08:47:30.4145658] UEngine::OnBeginCursorOver = 0x1F5
[2026-07-04 08:47:30.4150052] UEngine::StatHitchesData = 0x3B0
[2026-07-04 08:47:30.4165465] UEngine::bIgnoreInput = 0x3B9
[2026-07-04 08:47:30.4171441] UEngine::MouseCaptureMode = 0x3BA
[2026-07-04 08:47:30.4176122] UEngine::bHideCursorDuringCapture = 0x3BB
[2026-07-04 08:47:30.4179692] UEngine::bActorEnableCollision = 0x5C
[2026-07-04 08:47:30.4184848] UEngine::bIsMouseOverClient = 0x3BD
[2026-07-04 08:47:30.4189377] UEngine::PrimaryActorTick = 0x28
[2026-07-04 08:47:30.4193823] UEngine::ActorHasBegunPlay = 0x5D
[2026-07-04 08:47:30.4198843] UEngine::bNetTemporary = 0x58
[2026-07-04 08:47:30.4202352] UEngine::bActorIsBeingConstructed = 0x5D
[2026-07-04 08:47:30.4206156] UEngine::bNetStartup = 0x58
[2026-07-04 08:47:30.4210138] UEngine::bOnlyRelevantToOwner = 0x58
[2026-07-04 08:47:30.4214393] UEngine::bCallPreReplication = 0x58
[2026-07-04 08:47:30.4218747] UEngine::bCallPreReplicationForReplay = 0x58
[2026-07-04 08:47:30.4224086] UEngine::bExchangedRoles = 0x59
[2026-07-04 08:47:30.4233205] UEngine::bRelevantForNetworkReplays = 0x59
[2026-07-04 08:47:30.4237166] UEngine::bRelevantForLevelBounds = 0x59
[2026-07-04 08:47:30.4240632] UEngine::bAutoDestroyWhenFinished = 0x5A
[2026-07-04 08:47:30.4243978] UEngine::bCanBeDamaged = 0x5A
[2026-07-04 08:47:30.4249728] UEngine::bBlockInput = 0x5A
[2026-07-04 08:47:30.4252491] UEngine::bCollideWhenPlacing = 0x5A
[2026-07-04 08:47:30.4259628] UEngine::bFindCameraComponentWhenViewTarget = 0x5A
[2026-07-04 08:47:30.4327828] UEngine::bGenerateOverlapEventsDuringLevelStreaming = 0x5A
[2026-07-04 08:47:30.4333613] UEngine::bIgnoresOriginShifting = 0x5A
[2026-07-04 08:47:30.4337883] UEngine::bHasRegisteredAllComponents = 0x5C
[2026-07-04 08:47:30.4342856] UEngine::bEnableAutoLODGeneration = 0x5B
[2026-07-04 08:47:30.4348574] UEngine::bIsEditorOnlyActor = 0x5B
[2026-07-04 08:47:30.4353117] UEngine::bActorSeamlessTraveled = 0x5B
[2026-07-04 08:47:30.4358335] UEngine::bReplicates = 0x5B
[2026-07-04 08:47:30.4364259] UEngine::bCanBeInCluster = 0x5B
[2026-07-04 08:47:30.4376075] UEngine::bAllowReceiveTickEventOnDedicatedServer = 0x5B
[2026-07-04 08:47:30.4378449] UEngine::bNetCheckedInitialPhysicsState = 0x5B
[2026-07-04 08:47:30.4380919] UEngine::bReplicateUsingRegisteredSubObjectList = 0x5B
[2026-07-04 08:47:30.4384153] UEngine::bHasFinishedSpawning = 0x5C
[2026-07-04 08:47:30.4386997] UEngine::bActorInitialized = 0x5C
[2026-07-04 08:47:30.4389939] UEngine::bActorBeginningPlayFromLevelStreaming = 0x5C
[2026-07-04 08:47:30.4393250] UEngine::bTickFunctionsRegistered = 0x5C
[2026-07-04 08:47:30.4395891] UEngine::AttachmentReplication = 0x70
[2026-07-04 08:47:30.4398768] UEngine::bHasDeferredComponentRegistration = 0x5C
[2026-07-04 08:47:30.4401480] UEngine::bRunningUserConstructionScript = 0x5C
[2026-07-04 08:47:30.4405986] UEngine::bActorIsBeingDestroyed = 0x5D
[2026-07-04 08:47:30.4409522] UEngine::bActorWantsDestroyDuringBeginPlay = 0x5D
[2026-07-04 08:47:30.4412465] UEngine::bAsyncPhysicsTickEnabled = 0x5D
[2026-07-04 08:47:30.4464049] UEngine::UpdateOverlapsMethodDuringLevelStreaming = 0x5E
[2026-07-04 08:47:30.4468603] UEngine::DefaultUpdateOverlapsMethodDuringLevelStreaming = 0x5F
[2026-07-04 08:47:30.4472538] UEngine::RemoteRole = 0x60
[2026-07-04 08:47:30.4477487] UEngine::ActorCategory = 0x61
[2026-07-04 08:47:30.4482417] UEngine::InitialLifeSpan = 0x64
[2026-07-04 08:47:30.4484560] UEngine::CustomTimeDilation = 0x68
[2026-07-04 08:47:30.4487276] UEngine::RayTracingGroupId = 0x6C
[2026-07-04 08:47:30.4490048] UEngine::ReplicatedMovement = 0xD0
[2026-07-04 08:47:30.4494314] UEngine::Owner = 0x158
[2026-07-04 08:47:30.4498850] UEngine::NetDormancy = 0x169
[2026-07-04 08:47:30.4503379] UEngine::NetDriverName = 0x160
[2026-07-04 08:47:30.4508135] UEngine::Role = 0x168
[2026-07-04 08:47:30.4512544] UEngine::SpawnCollisionHandlingMethod = 0x16A
[2026-07-04 08:47:30.4521339] UEngine::CreationTime = 0x170
[2026-07-04 08:47:30.4526693] UEngine::InputComponent = 0x178
[2026-07-04 08:47:30.4530904] UEngine::NetTag = 0x180
[2026-07-04 08:47:30.4532896] UEngine::NetCullDistanceSquared = 0x184
[2026-07-04 08:47:30.4534725] UEngine::NetUpdateFrequency = 0x188
[2026-07-04 08:47:30.4537910] UEngine::MinNetUpdateFrequency = 0x18C
[2026-07-04 08:47:30.4541207] UEngine::NetPriority = 0x190
[2026-07-04 08:47:30.4546113] UEngine::PhysicsReplicationMode = 0x194
[2026-07-04 08:47:30.4549443] UEngine::LastRenderTime = 0x198
[2026-07-04 08:47:30.4553776] UEngine::Children = 0x1A8
[2026-07-04 08:47:30.4559231] UEngine::RootComponent = 0x1B8
[2026-07-04 08:47:30.4564374] UEngine::TimerHandle_LifeSpanExpired = 0x1C0
[2026-07-04 08:47:30.4568384] UEngine::Layers = 0x1C8
[2026-07-04 08:47:30.4583028] UEngine::ParentComponent = 0x1D8
[2026-07-04 08:47:30.4647353] UEngine::Tags = 0x1E0
[2026-07-04 08:47:30.4650964] UEngine::OnTakeAnyDamage = 0x1F0
[2026-07-04 08:47:30.4655687] UEngine::OnTakePointDamage = 0x1F1
[2026-07-04 08:47:30.4659566] UEngine::OnTakeRadialDamage = 0x1F2
[2026-07-04 08:47:30.4665542] UEngine::OnActorBeginOverlap = 0x1F3
[2026-07-04 08:47:30.4668885] UEngine::OnActorEndOverlap = 0x1F4
[2026-07-04 08:47:30.4671066] UEngine::OnEndCursorOver = 0x1F6
[2026-07-04 08:47:30.4674210] UEngine::OnClicked = 0x1F7
[2026-07-04 08:47:30.4676494] UEngine::OnReleased = 0x1F8
[2026-07-04 08:47:30.4679120] UEngine::OnInputTouchBegin = 0x1F9
[2026-07-04 08:47:30.4683268] UEngine::OnInputTouchEnd = 0x1FA
[2026-07-04 08:47:30.4687675] UEngine::OnInputTouchEnter = 0x1FB
[2026-07-04 08:47:30.4690701] UEngine::OnInputTouchLeave = 0x1FC
[2026-07-04 08:47:30.4693373] UEngine::OnActorHit = 0x1FD
[2026-07-04 08:47:30.4695954] UEngine::OnDestroyed = 0x1FE
[2026-07-04 08:47:30.4698725] UEngine::ReplicatedSubObjects = 0x200
[2026-07-04 08:47:30.4702852] UEngine::ReplicatedComponentsInfo = 0x210
[2026-07-04 08:47:30.4707754] UEngine::DetachFence = 0x2A0
[2026-07-04 08:47:30.4719977] UGameViewportClient::NamePrivate = 0x18
[2026-07-04 08:47:30.4722895] UGameViewportClient::ObjectFlags = 0x8
[2026-07-04 08:47:30.4726462] UGameViewportClient::World = 0x78
[2026-07-04 08:47:30.4729081] UGameViewportClient::ActiveSplitscreenType = 0x70
[2026-07-04 08:47:30.4732205] UGameViewportClient::ViewportConsole = 0x40
[2026-07-04 08:47:30.4786727] UGameViewportClient::bUseSoftwareCursorWidgets = 0x270
[2026-07-04 08:47:30.4790604] UGameViewportClient::ClassPrivate = 0x10
[2026-07-04 08:47:30.4795794] UGameViewportClient::bNetLoadOnClient = 0x59
[2026-07-04 08:47:30.4800109] UGameViewportClient::InternalIndex_Private = 0xC
[2026-07-04 08:47:30.4805291] UGameViewportClient::bAllowTickBeforeBeginPlay = 0x5A
[2026-07-04 08:47:30.4809228] UGameViewportClient::InputPriority = 0x16C
[2026-07-04 08:47:30.4814477] UGameViewportClient::bForceNetAddressable = 0x59
[2026-07-04 08:47:30.4821961] UGameViewportClient::bDisableSplitScreenOverride = 0x3B8
[2026-07-04 08:47:30.4834225] UGameViewportClient::Window = 0x110
[2026-07-04 08:47:30.4847077] UGameViewportClient::OuterPrivate = 0x20
[2026-07-04 08:47:30.4859385] UGameViewportClient::bAlwaysRelevant = 0x58
[2026-07-04 08:47:30.4868035] UGameViewportClient::HardwareCursorCache = 0x180
[2026-07-04 08:47:30.4874054] UGameViewportClient::DebugProperties = 0x48
[2026-07-04 08:47:30.4878998] UGameViewportClient::bReplayRewindable = 0x59
[2026-07-04 08:47:30.4882799] UGameViewportClient::bHidden = 0x58
[2026-07-04 08:47:30.4885538] UGameViewportClient::CurrentBufferVisualizationMode = 0x140
[2026-07-04 08:47:30.4888192] UGameViewportClient::UEP_TotalSize = 0x28
[2026-07-04 08:47:30.4892392] UGameViewportClient::SplitscreenInfo = 0x58
[2026-07-04 08:47:30.4936420] UGameViewportClient::ViewportOverlayWidget = 0x120
[2026-07-04 08:47:30.4941215] UGameViewportClient::OnEndPlay = 0x1FF
[2026-07-04 08:47:30.4945659] UGameViewportClient::bHasAudioFocus = 0x10C
[2026-07-04 08:47:30.4948747] UGameViewportClient::MaxSplitscreenPlayers = 0x68
[2026-07-04 08:47:30.4951337] UGameViewportClient::bIsPlayInEditorViewport = 0x6C
[2026-07-04 08:47:30.4954582] UGameViewportClient::bDisableWorldRendering = 0x6C
[2026-07-04 08:47:30.4958963] UGameViewportClient::bTearOff = 0x59
[2026-07-04 08:47:30.4965008] UGameViewportClient::CurrentLumenVisualizationMode = 0x150
[2026-07-04 08:47:30.4969997] UGameViewportClient::bSuppressTransitionMessage = 0x88
[2026-07-04 08:47:30.4974019] UGameViewportClient::bReplicateMovement = 0x58
[2026-07-04 08:47:30.4980226] UGameViewportClient::ViewModeIndex = 0xB0
[2026-07-04 08:47:30.4984758] UGameViewportClient::bNetUseOwnerRelevancy = 0x59
[2026-07-04 08:47:30.5001466] UGameViewportClient::AutoReceiveInput = 0x16B
[2026-07-04 08:47:30.5005130] UGameViewportClient::EngineShowFlags = 0xB8
[2026-07-04 08:47:30.5009912] UGameViewportClient::Viewport = 0xF8
[2026-07-04 08:47:30.5016955] UGameViewportClient::MouseLockMode = 0x3BC
[2026-07-04 08:47:30.5020687] UGameViewportClient::ViewportFrame = 0x100
[2026-07-04 08:47:30.5025865] UGameViewportClient::AudioDeviceHandle = 0x108
[2026-07-04 08:47:30.5030491] UGameViewportClient::CurrentGroomVisualizationMode = 0x160
[2026-07-04 08:47:30.5037393] UGameViewportClient::GameLayerManagerPtr = 0x130
[2026-07-04 08:47:30.5041774] UGameViewportClient::CurrentNaniteVisualizationMode = 0x148
[2026-07-04 08:47:30.5048186] UGameViewportClient::CurrentSubstrateVisualizationMode = 0x158
[2026-07-04 08:47:30.5094836] UGameViewportClient::CurrentVirtualShadowMapVisualizationMode = 0x168
[2026-07-04 08:47:30.5098602] UGameViewportClient::HighResScreenshotDialog = 0x170
[2026-07-04 08:47:30.5102804] UGameViewportClient::HardwareCursors = 0x1D0
[2026-07-04 08:47:30.5106484] UGameViewportClient::CursorWidgets = 0x220
[2026-07-04 08:47:30.5109064] UGameViewportClient::StatUnitData = 0x3A8
[2026-07-04 08:47:30.5112830] UGameViewportClient::OnBeginCursorOver = 0x1F5
[2026-07-04 08:47:30.5119424] UGameViewportClient::StatHitchesData = 0x3B0
[2026-07-04 08:47:30.5125483] UGameViewportClient::bIgnoreInput = 0x3B9
[2026-07-04 08:47:30.5130514] UGameViewportClient::MouseCaptureMode = 0x3BA
[2026-07-04 08:47:30.5141809] UGameViewportClient::bHideCursorDuringCapture = 0x3BB
[2026-07-04 08:47:30.5147150] UGameViewportClient::bActorEnableCollision = 0x5C
[2026-07-04 08:47:30.5153169] UGameViewportClient::bIsMouseOverClient = 0x3BD
[2026-07-04 08:47:30.5157213] UGameViewportClient::PrimaryActorTick = 0x28
[2026-07-04 08:47:30.5161010] UGameViewportClient::ActorHasBegunPlay = 0x5D
[2026-07-04 08:47:30.5166805] UGameViewportClient::bNetTemporary = 0x58
[2026-07-04 08:47:30.5171195] UGameViewportClient::bActorIsBeingConstructed = 0x5D
[2026-07-04 08:47:30.5176651] UGameViewportClient::bNetStartup = 0x58
[2026-07-04 08:47:30.5180998] UGameViewportClient::bOnlyRelevantToOwner = 0x58
[2026-07-04 08:47:30.5185406] UGameViewportClient::bCallPreReplication = 0x58
[2026-07-04 08:47:30.5190050] UGameViewportClient::bCallPreReplicationForReplay = 0x58
[2026-07-04 08:47:30.5195157] UGameViewportClient::bExchangedRoles = 0x59
[2026-07-04 08:47:30.5199471] UGameViewportClient::bRelevantForNetworkReplays = 0x59
[2026-07-04 08:47:30.5250954] UGameViewportClient::bRelevantForLevelBounds = 0x59
[2026-07-04 08:47:30.5256382] UGameViewportClient::bAutoDestroyWhenFinished = 0x5A
[2026-07-04 08:47:30.5264263] UGameViewportClient::bCanBeDamaged = 0x5A
[2026-07-04 08:47:30.5281371] UGameViewportClient::bBlockInput = 0x5A
[2026-07-04 08:47:30.5288371] UGameViewportClient::bCollideWhenPlacing = 0x5A
[2026-07-04 08:47:30.5292319] UGameViewportClient::bFindCameraComponentWhenViewTarget = 0x5A
[2026-07-04 08:47:30.5297064] UGameViewportClient::bGenerateOverlapEventsDuringLevelStreaming = 0x5A
[2026-07-04 08:47:30.5302685] UGameViewportClient::bIgnoresOriginShifting = 0x5A
[2026-07-04 08:47:30.5306974] UGameViewportClient::bHasRegisteredAllComponents = 0x5C
[2026-07-04 08:47:30.5312142] UGameViewportClient::bEnableAutoLODGeneration = 0x5B
[2026-07-04 08:47:30.5317013] UGameViewportClient::bIsEditorOnlyActor = 0x5B
[2026-07-04 08:47:30.5320842] UGameViewportClient::bActorSeamlessTraveled = 0x5B
[2026-07-04 08:47:30.5324758] UGameViewportClient::bReplicates = 0x5B
[2026-07-04 08:47:30.5327640] UGameViewportClient::bCanBeInCluster = 0x5B
[2026-07-04 08:47:30.5339218] UGameViewportClient::bAllowReceiveTickEventOnDedicatedServer = 0x5B
[2026-07-04 08:47:30.5351974] UGameViewportClient::bNetCheckedInitialPhysicsState = 0x5B
[2026-07-04 08:47:30.5358019] UGameViewportClient::bReplicateUsingRegisteredSubObjectList = 0x5B
[2026-07-04 08:47:30.5417790] UGameViewportClient::bHasFinishedSpawning = 0x5C
[2026-07-04 08:47:30.5422653] UGameViewportClient::bActorInitialized = 0x5C
[2026-07-04 08:47:30.5425266] UGameViewportClient::bActorBeginningPlayFromLevelStreaming = 0x5C
[2026-07-04 08:47:30.5427871] UGameViewportClient::bTickFunctionsRegistered = 0x5C
[2026-07-04 08:47:30.5430604] UGameViewportClient::AttachmentReplication = 0x70
[2026-07-04 08:47:30.5433546] UGameViewportClient::bHasDeferredComponentRegistration = 0x5C
[2026-07-04 08:47:30.5437635] UGameViewportClient::bRunningUserConstructionScript = 0x5C
[2026-07-04 08:47:30.5440909] UGameViewportClient::bActorIsBeingDestroyed = 0x5D
[2026-07-04 08:47:30.5446069] UGameViewportClient::bActorWantsDestroyDuringBeginPlay = 0x5D
[2026-07-04 08:47:30.5451003] UGameViewportClient::bAsyncPhysicsTickEnabled = 0x5D
[2026-07-04 08:47:30.5456011] UGameViewportClient::UpdateOverlapsMethodDuringLevelStreaming = 0x5E
[2026-07-04 08:47:30.5461534] UGameViewportClient::DefaultUpdateOverlapsMethodDuringLevelStreaming = 0x5F
[2026-07-04 08:47:30.5466918] UGameViewportClient::RemoteRole = 0x60
[2026-07-04 08:47:30.5471838] UGameViewportClient::ActorCategory = 0x61
[2026-07-04 08:47:30.5486600] UGameViewportClient::InitialLifeSpan = 0x64
[2026-07-04 08:47:30.5491462] UGameViewportClient::CustomTimeDilation = 0x68
[2026-07-04 08:47:30.5495739] UGameViewportClient::RayTracingGroupId = 0x6C
[2026-07-04 08:47:30.5500795] UGameViewportClient::ReplicatedMovement = 0xD0
[2026-07-04 08:47:30.5504661] UGameViewportClient::Owner = 0x158
[2026-07-04 08:47:30.5510827] UGameViewportClient::NetDormancy = 0x169
[2026-07-04 08:47:30.5515397] UGameViewportClient::NetDriverName = 0x160
[2026-07-04 08:47:30.5571771] UGameViewportClient::Role = 0x168
[2026-07-04 08:47:30.5576002] UGameViewportClient::SpawnCollisionHandlingMethod = 0x16A
[2026-07-04 08:47:30.5580197] UGameViewportClient::CreationTime = 0x170
[2026-07-04 08:47:30.5584367] UGameViewportClient::InputComponent = 0x178
[2026-07-04 08:47:30.5589921] UGameViewportClient::NetTag = 0x180
[2026-07-04 08:47:30.5593779] UGameViewportClient::NetCullDistanceSquared = 0x184
[2026-07-04 08:47:30.5603054] UGameViewportClient::NetUpdateFrequency = 0x188
[2026-07-04 08:47:30.5608441] UGameViewportClient::MinNetUpdateFrequency = 0x18C
[2026-07-04 08:47:30.5615912] UGameViewportClient::NetPriority = 0x190
[2026-07-04 08:47:30.5628513] UGameViewportClient::PhysicsReplicationMode = 0x194
[2026-07-04 08:47:30.5631385] UGameViewportClient::LastRenderTime = 0x198
[2026-07-04 08:47:30.5635039] UGameViewportClient::Children = 0x1A8
[2026-07-04 08:47:30.5638558] UGameViewportClient::RootComponent = 0x1B8
[2026-07-04 08:47:30.5640821] UGameViewportClient::TimerHandle_LifeSpanExpired = 0x1C0
[2026-07-04 08:47:30.5643228] UGameViewportClient::Layers = 0x1C8
[2026-07-04 08:47:30.5646146] UGameViewportClient::ParentComponent = 0x1D8
[2026-07-04 08:47:30.5650762] UGameViewportClient::Tags = 0x1E0
[2026-07-04 08:47:30.5654866] UGameViewportClient::OnTakeAnyDamage = 0x1F0
[2026-07-04 08:47:30.5661555] UGameViewportClient::OnTakePointDamage = 0x1F1
[2026-07-04 08:47:30.5667078] UGameViewportClient::OnTakeRadialDamage = 0x1F2
[2026-07-04 08:47:30.5671470] UGameViewportClient::OnActorBeginOverlap = 0x1F3
[2026-07-04 08:47:30.5675701] UGameViewportClient::OnActorEndOverlap = 0x1F4
[2026-07-04 08:47:30.5724066] UGameViewportClient::OnEndCursorOver = 0x1F6
[2026-07-04 08:47:30.5729027] UGameViewportClient::OnClicked = 0x1F7
[2026-07-04 08:47:30.5733805] UGameViewportClient::OnReleased = 0x1F8
[2026-07-04 08:47:30.5738045] UGameViewportClient::OnInputTouchBegin = 0x1F9
[2026-07-04 08:47:30.5741697] UGameViewportClient::OnInputTouchEnd = 0x1FA
[2026-07-04 08:47:30.5747088] UGameViewportClient::OnInputTouchEnter = 0x1FB
[2026-07-04 08:47:30.5762360] UGameViewportClient::OnInputTouchLeave = 0x1FC
[2026-07-04 08:47:30.5767768] UGameViewportClient::OnActorHit = 0x1FD
[2026-07-04 08:47:30.5771995] UGameViewportClient::OnDestroyed = 0x1FE
[2026-07-04 08:47:30.5776243] UGameViewportClient::ReplicatedSubObjects = 0x200
[2026-07-04 08:47:30.5779817] UGameViewportClient::ReplicatedComponentsInfo = 0x210
[2026-07-04 08:47:30.5784833] UGameViewportClient::DetachFence = 0x2A0
[2026-07-04 08:47:30.5789375] UPlayer::CurrentNetSpeed = 0x38
[2026-07-04 08:47:30.5794859] UPlayer::UEP_TotalSize = 0x48
[2026-07-04 08:47:30.5799811] UPlayer::ConfiguredLanSpeed = 0x40
[2026-07-04 08:47:30.5810738] UPlayer::ConfiguredInternetSpeed = 0x3C
[2026-07-04 08:47:30.5815907] ULocalPlayer::SlateOperations = 0x1F8
[2026-07-04 08:47:30.5821914] ULocalPlayer::ControllerId = 0xE0
[2026-07-04 08:47:30.5834276] ULocalPlayer::CachedUniqueNetId = 0x48
[2026-07-04 08:47:30.5903003] ULocalPlayer::ViewportClient = 0x78
[2026-07-04 08:47:30.5908638] ULocalPlayer::AspectRatioAxisConstraint = 0xB8
[2026-07-04 08:47:30.5913049] ULocalPlayer::bSentSplitJoin = 0xC8
[2026-07-04 08:47:30.5918600] ULocalPlayer::PlatformUserId = 0x100
[2026-07-04 08:47:30.5923317] ULocalPlayer::UEP_TotalSize = 0x2B0
[2026-07-04 08:47:30.5929019] UWorld::PerModuleDataObjects = 0x78
[2026-07-04 08:47:30.5936422] UWorld::ExtraReferencedObjects = 0x68
[2026-07-04 08:47:30.5942673] UWorld::bPlayersOnlyPending = 0x13D
[2026-07-04 08:47:30.5949000] UWorld::bWorldWasLoadedThisTick = 0x13B
[2026-07-04 08:47:30.5952702] UWorld::bShouldForceVisibleStreamingLevels = 0x13E
[2026-07-04 08:47:30.5959050] UWorld::bSupportsMakingVisibleTransactionRequests = 0xD8
[2026-07-04 08:47:30.5962321] UWorld::bAggressiveLOD = 0x13C
[2026-07-04 08:47:30.5978720] UWorld::StreamingLevelsPrefix = 0xC8
[2026-07-04 08:47:30.5984579] UWorld::bSupportsMakingInvisibleTransactionRequests = 0xDA
[2026-07-04 08:47:30.6025139] UWorld::bPlayersOnly = 0x13D
[2026-07-04 08:47:30.6032610] UWorld::DeltaTimeSeconds = 0x6DC
[2026-07-04 08:47:30.6044412] UWorld::bIsRunningConstructionScript = 0x13C
[2026-07-04 08:47:30.6050129] UWorld::bAllowDeferredPhysicsStateCreation = 0x108
[2026-07-04 08:47:30.6054825] UWorld::LastRenderTime = 0x130
[2026-07-04 08:47:30.6058426] UWorld::StreamingVolumeUpdateDelay = 0x674
[2026-07-04 08:47:30.6061802] UWorld::bIsLevelStreamingFrozen = 0x13B
[2026-07-04 08:47:30.6065753] UWorld::bTriggerPostLoadMap = 0x13B
[2026-07-04 08:47:30.6069913] UWorld::bInTick = 0x13B
[2026-07-04 08:47:30.6073197] UWorld::TimeSeconds = 0x6B8
[2026-07-04 08:47:30.6076642] UWorld::bIsBuilt = 0x13B
[2026-07-04 08:47:30.6082302] UWorld::DeltaRealTimeSeconds = 0x6D8
[2026-07-04 08:47:30.6086386] UWorld::bTickNewlySpawned = 0x13B
[2026-07-04 08:47:30.6091386] UWorld::AuthorityGameMode = 0x158
[2026-07-04 08:47:30.6105719] UWorld::bPostTickComponentUpdate = 0x13B
[2026-07-04 08:47:30.6111821] UWorld::bShouldSimulatePhysics = 0x13C
[2026-07-04 08:47:30.6116020] UWorld::bIsWorldInitialized = 0x13B
[2026-07-04 08:47:30.6119245] UWorld::bDoDelayedUpdateCullDistanceVolumes = 0x13C
[2026-07-04 08:47:30.6124962] UWorld::bRequestedBlockOnAsyncLoading = 0x13C
[2026-07-04 08:47:30.6129306] UWorld::bDropDetail = 0x13C
[2026-07-04 08:47:30.6135946] UWorld::PlayerNum = 0x670
[2026-07-04 08:47:30.6140455] UWorld::bIsDefaultLevel = 0x13C
[2026-07-04 08:47:30.6144691] UWorld::bIsBeingCleanedUp = 0x140
[2026-07-04 08:47:30.6163316] UWorld::bActorsInitialized = 0x13C
[2026-07-04 08:47:30.6207516] UWorld::bBegunPlay = 0x13D
[2026-07-04 08:47:30.6211804] UWorld::bIsCameraMoveableWhenPaused = 0x13E
[2026-07-04 08:47:30.6216862] UWorld::bMatchStarted = 0x13D
[2026-07-04 08:47:30.6221693] UWorld::bStartup = 0x13D
[2026-07-04 08:47:30.6225713] UWorld::bAreConstraintsDirty = 0x13E
[2026-07-04 08:47:30.6228490] UWorld::bIsTearingDown = 0x13D
[2026-07-04 08:47:30.6231644] UWorld::bKismetScriptError = 0x13D
[2026-07-04 08:47:30.6236770] UWorld::bDebugPauseExecution = 0x13D
[2026-07-04 08:47:30.6240232] UWorld::ActiveLevelCollectionIndex = 0x198
[2026-07-04 08:47:30.6254505] UWorld::bAllowAudioPlayback = 0x13E
[2026-07-04 08:47:30.6259998] UWorld::bRequiresHitProxies = 0x13E
[2026-07-04 08:47:30.6264568] UWorld::bShouldTick = 0x13E
[2026-07-04 08:47:30.6268638] UWorld::bStreamingDataDirty = 0x13E
[2026-07-04 08:47:30.6275349] UWorld::bShouldForceUnloadStreamingLevels = 0x13E
[2026-07-04 08:47:30.6280054] UWorld::NextURL = 0x738
[2026-07-04 08:47:30.6283696] UWorld::RealTimeSeconds = 0x6C8
[2026-07-04 08:47:30.6289476] UWorld::bMaterialParameterCollectionInstanceNeedsDeferredUpdate = 0x13F
[2026-07-04 08:47:30.6292486] UWorld::NextSwitchCountdown = 0x718
[2026-07-04 08:47:30.6295931] UWorld::bHasEverBeenInitialized = 0x13F
[2026-07-04 08:47:30.6300556] UWorld::PreparingLevelNames = 0x748
[2026-07-04 08:47:30.6304777] UWorld::IsInBlockTillLevelStreamingCompleted = 0x144
[2026-07-04 08:47:30.6353266] UWorld::BlockTillLevelStreamingCompletedEpoch = 0x148
[2026-07-04 08:47:30.6357842] UWorld::BuildStreamingDataTimer = 0x4A8
[2026-07-04 08:47:30.6363150] UWorld::URL = 0x5A0
[2026-07-04 08:47:30.6369509] UWorld::LastTimeUnbuiltLightingWasEncountered = 0x6B0
[2026-07-04 08:47:30.6374469] UWorld::UnpausedTimeSeconds = 0x6C0
[2026-07-04 08:47:30.6390483] UWorld::CommittedPersistentLevelName = 0x758
[2026-07-04 08:47:30.6395720] UWorld::AudioTimeSeconds = 0x6D0
[2026-07-04 08:47:30.6398325] UWorld::PauseDelay = 0x6E0
[2026-07-04 08:47:30.6400787] UWorld::NumStreamingLevelsBeingLoaded = 0x732
[2026-07-04 08:47:30.6405399] UWorld::bMarkedObjectsPendingKill = 0x760
[2026-07-04 08:47:30.6409728] UWorld::CleanupWorldTag = 0x764
[2026-07-04 08:47:30.6416114] UWorld::UEP_TotalSize = 0x908
[2026-07-04 08:47:30.6422168] UDataTable::RowStruct = 0x28
[2026-07-04 08:47:30.6428325] UDataTable::RowMap = 0x30
[2026-07-04 08:47:30.6432167] UDataTable::bStripFromClientBuilds = 0x80
[2026-07-04 08:47:30.6439474] UDataTable::bPreserveExistingValues = 0x80
[2026-07-04 08:47:30.6446047] UDataTable::bIgnoreExtraFields = 0x80
[2026-07-04 08:47:30.6459682] UDataTable::bIgnoreMissingFields = 0x80
[2026-07-04 08:47:30.6465486] UDataTable::UEP_TotalSize = 0xB0
[2026-07-04 08:47:30.6554849] UDataTable::ImportKeyField = 0x88
[2026-07-04 08:47:30.6559334] FUObjectItem::Object = 0x0
[2026-07-04 08:47:30.6563091] FUObjectItem::Flags = 0x8
[2026-07-04 08:47:30.6566933] FUObjectItem::RefCount = 0x14
[2026-07-04 08:47:30.6572450] FUObjectItem::ClusterRootIndex = 0xC
[2026-07-04 08:47:30.6577807] FUObjectItem::SerialNumber = 0x10
[2026-07-04 08:47:30.6581810] FUObjectItem::UEP_TotalSize = 0x18
[2026-07-04 08:47:30.6585540] FUObjectArray::ObjFirstGCIndex = 0x0
[2026-07-04 08:47:30.6589527] FUObjectArray::ObjLastNonGCIndex = 0x4
[2026-07-04 08:47:30.6593283] FUObjectArray::MaxObjectsNotConsideredByGC = 0x8
[2026-07-04 08:47:30.6597534] FUObjectArray::ObjObjects = 0x10
[2026-07-04 08:47:30.6610247] FUObjectArray::UObjectCreateListeners = 0x68
[2026-07-04 08:47:30.6616193] FUObjectArray::OpenForDisregardForGC = 0xC
[2026-07-04 08:47:30.6623415] FUObjectArray::UObjectDeleteListeners = 0x78
[2026-07-04 08:47:30.6627998] FUObjectArray::ObjAvailableList = 0x58
[2026-07-04 08:47:30.6632216] FUObjectArray::PrimarySerialNumber = 0xB0
[2026-07-04 08:47:30.6638692] FUObjectArray::bShouldRecycleObjectIndices = 0xB4
[2026-07-04 08:47:30.6644509] FUObjectArray::UEP_TotalSize = 0xB8
[2026-07-04 08:47:30.6651737] TUObjectArray::NumChunks = 0x1C
[2026-07-04 08:47:30.6656260] TUObjectArray::Objects = 0x0
[2026-07-04 08:47:30.6661500] TUObjectArray::UEP_TotalSize = 0x20
[2026-07-04 08:47:30.6666420] TUObjectArray::PreAllocatedObjects = 0x8
[2026-07-04 08:47:30.6669312] TUObjectArray::MaxElements = 0x10
[2026-07-04 08:47:30.6672733] TUObjectArray::NumElements = 0x14
[2026-07-04 08:47:30.6676550] TUObjectArray::MaxChunks = 0x18
[2026-07-04 08:47:30.6683914] 
##### MEMBER OFFSETS END (Coalesced) #####

[2026-07-04 08:47:30.6687803] Unreal Engine modules (non-modular):
[2026-07-04 08:47:30.6695783] MainExe @ 0x7ff7da3a0000 size=0x8ab4000
[2026-07-04 08:47:30.6702711] m_shared_functions: 0x27f6d7e9f78
[2026-07-04 08:47:30.6718144] Input source set to: Win32Async
[2026-07-04 08:47:30.6740341] [UE4SS.LoadMap.LuaModImpl] Added prehook with Id '0X2040000000000001'!
[2026-07-04 08:47:30.6744307] [UE4SS.LoadMap.LuaModImpl] Added posthook with Id '0X40000000000002'!
[2026-07-04 08:47:30.6768838] [UE4SS.InitGameState.LuaModImpl] Added prehook with Id '0X2010000000000001'!
[2026-07-04 08:47:30.6775520] [UE4SS.InitGameState.LuaModImpl] Added posthook with Id '0X10000000000002'!
[2026-07-04 08:47:30.6966727] [UE4SS.BeginPlay.LuaModImpl] Added prehook with Id '0X2008000000000001'!
[2026-07-04 08:47:30.6996818] [UE4SS.BeginPlay.LuaModImpl] Added posthook with Id '0X8000000000002'!
[2026-07-04 08:47:30.7021049] [UE4SS.EndPlay.LuaModImpl] Added prehook with Id '0X2004000000000001'!
[2026-07-04 08:47:30.7032069] [UE4SS.EndPlay.LuaModImpl] Added posthook with Id '0X4000000000002'!
[2026-07-04 08:47:30.7057940] [UnknownMod.StaticConstructObject.PostHook] Added posthook with Id '0X1000000000000002'!
[2026-07-04 08:47:30.7652171] [UnknownMod.ULocalPlayerExec.PreHook] Added prehook with Id '0X2000400000000001'!
[2026-07-04 08:47:30.7656403] [UnknownMod.ULocalPlayerExec.PostHook] Added posthook with Id '0X400000000002'!
[2026-07-04 08:47:30.7677986] [UnknownMod.CallFunctionByNameWithArguments.PreHook] Added prehook with Id '0X2000800000000001'!
[2026-07-04 08:47:30.7681871] [UnknownMod.CallFunctionByNameWithArguments.PostHook] Added posthook with Id '0X800000000002'!
[2026-07-04 08:47:30.7694051] [UnknownMod.ProcessConsoleExec.PostHook] Added posthook with Id '0X400000000000001'!
[2026-07-04 08:47:30.7706177] [UnknownMod.ProcessConsoleExec.PreHook] Added prehook with Id '0X2400000000000002'!
[2026-07-04 08:47:30.7711540] [UnknownMod.ProcessConsoleExec.PostHook] Added posthook with Id '0X400000000000003'!
[2026-07-04 08:47:30.7713581] [UnknownMod.ProcessConsoleExec.PostHook] Added posthook with Id '0X400000000000004'!
[2026-07-04 08:47:30.7715610] [UnknownMod.ProcessConsoleExec.PostHook] Added posthook with Id '0X400000000000005'!
[2026-07-04 08:47:30.7717623] Enabling custom events
[2026-07-04 08:47:30.7730626] [UE4SS.ProcessLocalScriptFunction.LuaModImplScriptHook] Added posthook with Id '0X80000000000001'!
[2026-07-04 08:47:30.7754717] Starting mods (from mods.txt (C:\Users\Zeylo\Desktop\Drones of War Teknofest Yeni\DronesOfWar\Binaries\Win64\ue4ss\Mods\mods.txt) load order)...
[2026-07-04 08:47:30.7781745] Starting Lua mod 'CheatManagerEnablerMod'
[2026-07-04 08:47:30.7815378] [RegisterHook] Registered native hook (1, 2) for Function /Script/Engine.PlayerController:ClientRestart
[2026-07-04 08:47:30.7867690] Starting Lua mod 'ConsoleCommandsMod'
[2026-07-04 08:47:30.7962327] Starting Lua mod 'ConsoleEnablerMod'
[2026-07-04 08:47:30.7993354] [UE4SS.EngineTick.LuaModImpl] Added prehook with Id '0X2020000000000002'!
[2026-07-04 08:47:30.7997733] [RegisterHook] Registered native hook (3, 4) for Function /Script/Engine.PlayerController:ClientRestart
[2026-07-04 08:47:30.8000901] Mod 'SplitScreenMod' disabled in mods.txt.
[2026-07-04 08:47:30.8003300] Mod 'LineTraceMod' disabled in mods.txt.
[2026-07-04 08:47:30.8005622] Starting Lua mod 'BPML_GenericFunctions'
[2026-07-04 08:47:30.8025920] Starting Lua mod 'BPModLoaderMod'
[2026-07-04 08:47:30.8363083] [Lua] [BPModLoaderMod] Mods/BPModLoaderMod/load_order.txt not present or no matching mods, loading all BP mods in random order.
[2026-07-04 08:47:30.8387451] Mod 'TalonControl' disabled in mods.txt.
[2026-07-04 08:47:30.8412737] Starting Lua mod 'Keybinds'
[2026-07-04 08:47:30.8429472] Starting Lua mod 'TalonDatasetGenerator'
[2026-07-04 08:47:30.8478863] [Lua] [TalonDataset] Mod initialized in Freeze-Orbit-Move mode with Rock-Solid Drone Freezing & Strict Diversity Guard![2026-07-04 08:47:31.0790349] [Lua] [TalonDataset] Loaded 32595 past captures from history file![2026-07-04 08:47:31.0795920] [Lua] [HILE] Hileler yuklendi! 9 = Talon dondur, F = Avci dondur[2026-07-04 08:47:31.0799628] Mod 'TalonAutoCapture' disabled in mods.txt.
[2026-07-04 08:47:31.0801751] Mod 'HideHUDMod' disabled in mods.txt.
[2026-07-04 08:47:31.0839953] Starting Lua mod 'AvciFOVReader'
[2026-07-04 08:47:31.0859292] [Lua] [AvciFOV] Hazir. Avci droneu NORMAL gorunumde ucururken F8'e bas.[2026-07-04 08:47:31.0909968] [Lua] [AvciFOV] Sonuc: c:\Users\Zeylo\Desktop\Drones of War Teknofest\avci_fov.txt[2026-07-04 08:47:31.0935467] Starting Lua mod 'TalonRearShot'
[2026-07-04 08:47:31.0958822] [Lua] [RearShot] Hazir. Once 'E' ile SERBEST kameraya gec, hedefi gor, sonra F7.[2026-07-04 08:47:31.0974633] Starting Lua mod 'KeypointDrawer'
[2026-07-04 08:47:31.1009729] [RegisterHook] Registered script hook (5, 5) for Function /Script/Engine.HUD:ReceiveDrawHUD
[2026-07-04 08:47:31.1125128] Starting mods (from enabled.txt (C:\Users\Zeylo\Desktop\Drones of War Teknofest Yeni\DronesOfWar\Binaries\Win64\ue4ss\Mods), no defined load order)...
[2026-07-04 08:47:31.1141711] Mod 'AvciBoundsReader' has enabled.txt, starting mod.
[2026-07-04 08:47:31.1171367] Mod 'TalonControl' has enabled.txt, starting mod.
[2026-07-04 08:47:31.1200729] [Lua] [TalonSimple] Loaded[2026-07-04 08:47:31.1207857] Event loop start
[2026-07-04 08:47:31.3335352] [Lua] [TalonDataset] Searching for Talon actor (BPP_AIDroneTalon_C)...[2026-07-04 08:47:31.7640895] [Lua] [TalonDataset] System is idle/offline. Visuals and camera restored successfully.[2026-07-04 08:47:32.1540412] [Lua] [CheatManagerEnabler] Constructed CheatManager [0x27FC04D3CD0]
[2026-07-04 08:47:32.1544904] [Lua] [CheatManagerEnabler] Enabled CheatManager
[2026-07-04 08:47:32.1597587] [Lua] [ConsoleEnabler] ConsoleKey[1]: Tilde
[2026-07-04 08:47:32.1601022] [Lua] [ConsoleEnabler] ConsoleKey[2]: Caret
[2026-07-04 08:47:32.1604079] [Lua] [ConsoleEnabler] ConsoleKey[3]: F10
[2026-07-04 08:47:32.1607968] Unregistering native pre-hook (3) for /Script/Engine.PlayerController:ClientRestart
[2026-07-04 08:47:32.1610937] Unregistering native post-hook (4) for /Script/Engine.PlayerController:ClientRestart
[2026-07-04 08:47:32.3392615] [Lua] [ConsoleEnabler] ConsoleKey[1]: Tilde
[2026-07-04 08:47:32.3399665] [Lua] [ConsoleEnabler] ConsoleKey[2]: Caret
[2026-07-04 08:47:32.3408972] [Lua] [ConsoleEnabler] ConsoleKey[3]: F10
[2026-07-04 08:47:33.0057562] [FCallbackGarbageCollector] Freed invalid callbacks!
[2026-07-04 08:47:40.9206099] [Lua] [CheatManagerEnabler] Constructed CheatManager [0x27FA964A210]
[2026-07-04 08:47:40.9233958] [Lua] [CheatManagerEnabler] Enabled CheatManager
[2026-07-04 08:47:49.7023960] [Lua] [CheatManagerEnabler] Constructed CheatManager [0x27F756AE6B0]
[2026-07-04 08:47:49.7030246] [Lua] [CheatManagerEnabler] Enabled CheatManager
[2026-07-04 08:47:53.5122086] [Lua] [CheatManagerEnabler] Constructed CheatManager [0x27F97564DB0]
[2026-07-04 08:47:53.5126975] [Lua] [CheatManagerEnabler] Enabled CheatManager
[2026-07-04 08:47:53.5158233] [Lua] [CheatManagerEnabler] CheatManager already exist, skipping restoration
[2026-07-04 08:47:54.2182686] [Lua] [CheatManagerEnabler] CheatManager already exist, skipping restoration
[2026-07-04 08:47:59.0768541] [Lua] [CheatManagerEnabler] Constructed CheatManager [0x27FA9640FD0]
[2026-07-04 08:47:59.0776973] [Lua] [CheatManagerEnabler] Enabled CheatManager
[2026-07-04 08:48:06.7165103] [Lua] [TalonDataset] Found Talon drone successfully! Preparing first capture spot.[2026-07-04 08:48:06.7667067] [Lua] [DumpTalon] Component & bone dump successfully written![2026-07-04 08:48:07.0280075] [Lua] [TalonDataset] Freezing Talon at X:-8878.8 Y:-249361.0 Z:8215.9 for 25 captures.[2026-07-04 08:48:07.0332192] [Lua] ====== AVCI DRONE KAMERA TILT ACISI: 0.0 ======[2026-07-04 08:48:07.3455777] [Lua] --- AVCI DRONE PAWN DUMP ---[2026-07-04 08:48:07.3469171] [Lua] Class: Class /Script/Engine.SpectatorPawn[2026-07-04 08:48:07.3511231] [Lua] --- COMPONENTS ---[2026-07-04 08:48:07.3522402] [Lua] --- END DUMP ---[2026-07-04 08:48:07.6363295] [Lua] [TalonDataset] Using VISUAL MESH exact rotation![2026-07-04 08:48:07.6444049] [Lua] [HILE1] Keypoints projected! Nose: x=1248.3 y=360.2[2026-07-04 08:48:11.0829642] [Lua] [TalonDataset] Using VISUAL MESH exact rotation![2026-07-04 08:48:11.0915329] [Lua] [HILE1] Keypoints projected! Nose: x=472.1 y=176.3[2026-07-04 08:48:15.0561277] [Lua] [TalonDataset] Using VISUAL MESH exact rotation![2026-07-04 08:48:15.0655499] [Lua] [HILE1] Keypoints projected! Nose: x=588.2 y=706.0[2026-07-04 08:48:18.7699630] [Lua] [TalonDataset] Using VISUAL MESH exact rotation![2026-07-04 08:48:18.7780235] [Lua] [HILE1] Keypoints projected! Nose: x=602.6 y=522.5[2026-07-04 08:48:21.9574086] [Lua] [TalonDataset] Using VISUAL MESH exact rotation![2026-07-04 08:48:21.9617774] [Lua] [HILE1] Keypoints projected! Nose: x=1308.7 y=153.2[2026-07-04 08:48:25.9137617] [Lua] [TalonDataset] Using VISUAL MESH exact rotation![2026-07-04 08:48:25.9247586] [Lua] [HILE1] Keypoints projected! Nose: x=1104.4 y=532.7[2026-07-04 08:48:31.6991846] [Lua] [TalonDataset] Using VISUAL MESH exact rotation![2026-07-04 08:48:31.7074074] [Lua] [HILE1] Keypoints projected! Nose: x=778.1 y=131.8[2026-07-04 08:48:34.8886934] [Lua] [TalonDataset] Using VISUAL MESH exact rotation![2026-07-04 08:48:34.8995032] [Lua] [HILE1] Keypoints projected! Nose: x=1102.4 y=678.1[2026-07-04 08:49:36.3031353] [Lua] [TalonDataset] Using VISUAL MESH exact rotation![2026-07-04 08:49:36.3103347] [Lua] [HILE1] Keypoints projected! Nose: x=874.1 y=-252.3[2026-07-04 08:49:41.5794919] [Lua] [TalonDataset] Using VISUAL MESH exact rotation![2026-07-04 08:49:41.5869010] [Lua] [HILE1] Keypoints projected! Nose: x=1142.6 y=323.7[2026-07-04 08:49:45.0542381] [Lua] [TalonDataset] Using VISUAL MESH exact rotation![2026-07-04 08:49:45.0626485] [Lua] [HILE1] Keypoints projected! Nose: x=918.1 y=215.2[2026-07-04 08:49:49.2606764] [Lua] [TalonDataset] Using VISUAL MESH exact rotation![2026-07-04 08:49:49.2690151] [Lua] [HILE1] Keypoints projected! Nose: x=976.5 y=203.8[2026-07-04 08:49:52.1632479] [Lua] [TalonDataset] Using VISUAL MESH exact rotation![2026-07-04 08:49:52.1715226] [Lua] [HILE1] Keypoints projected! Nose: x=948.1 y=107.6[2026-07-04 08:49:55.8725595] [Lua] [TalonDataset] Using VISUAL MESH exact rotation![2026-07-04 08:49:55.8834223] [Lua] [HILE1] Keypoints projected! Nose: x=692.8 y=447.1[2026-07-04 08:49:59.0359392] [Lua] [TalonDataset] Using VISUAL MESH exact rotation![2026-07-04 08:49:59.0415798] [Lua] [HILE1] Keypoints projected! Nose: x=1095.6 y=284.6[2026-07-04 08:50:01.9414133] [Lua] [TalonDataset] Using VISUAL MESH exact rotation![2026-07-04 08:50:01.9491838] [Lua] [HILE1] Keypoints projected! Nose: x=1054.0 y=180.7[2026-07-04 08:50:07.2137794] [Lua] [TalonDataset] Using VISUAL MESH exact rotation![2026-07-04 08:50:07.2227131] [Lua] [HILE1] Keypoints projected! Nose: x=1286.8 y=570.3[2026-07-04 08:50:11.4761848] [Lua] [TalonDataset] Using VISUAL MESH exact rotation![2026-07-04 08:50:11.4809107] [Lua] [HILE1] Keypoints projected! Nose: x=792.1 y=546.3[2026-07-04 08:50:16.7500039] [Lua] [TalonDataset] Using VISUAL MESH exact rotation![2026-07-04 08:50:16.7574971] [Lua] [HILE1] Keypoints projected! Nose: x=958.7 y=324.0[2026-07-04 08:50:20.4607125] [Lua] [TalonDataset] Using VISUAL MESH exact rotation![2026-07-04 08:50:20.4680763] [Lua] [HILE1] Keypoints projected! Nose: x=1400.9 y=553.5